Component: ARM Compiler 5.06 update 6 (build 750) Tool: armlink [4d35ed]

==============================================================================

Section Cross References

    startup_stm32f429xx.o(RESET) refers to startup_stm32f429xx.o(STACK) for __initial_sp
    startup_stm32f429xx.o(RESET) refers to startup_stm32f429xx.o(.text) for Reset_Handler
    startup_stm32f429xx.o(RESET) refers to stm32f4xx_it.o(i.NMI_Handler) for NMI_Handler
    startup_stm32f429xx.o(RESET) refers to stm32f4xx_it.o(i.HardFault_Handler) for HardFault_Handler
    startup_stm32f429xx.o(RESET) refers to stm32f4xx_it.o(i.MemManage_Handler) for MemManage_Handler
    startup_stm32f429xx.o(RESET) refers to stm32f4xx_it.o(i.BusFault_Handler) for BusFault_Handler
    startup_stm32f429xx.o(RESET) refers to stm32f4xx_it.o(i.UsageFault_Handler) for UsageFault_Handler
    startup_stm32f429xx.o(RESET) refers to stm32f4xx_it.o(i.SVC_Handler) for SVC_Handler
    startup_stm32f429xx.o(RESET) refers to stm32f4xx_it.o(i.DebugMon_Handler) for DebugMon_Handler
    startup_stm32f429xx.o(RESET) refers to stm32f4xx_it.o(i.PendSV_Handler) for PendSV_Handler
    startup_stm32f429xx.o(RESET) refers to stm32f4xx_it.o(i.SysTick_Handler) for SysTick_Handler
    startup_stm32f429xx.o(.text) refers to system_stm32f4xx.o(i.SystemInit) for SystemInit
    startup_stm32f429xx.o(.text) refers to entry.o(.ARM.Collect$$$$00000000) for __main
    main.o(i.MX_DMA2D_Init) refers to stm32f4xx_hal_dma2d.o(i.HAL_DMA2D_Init) for HAL_DMA2D_Init
    main.o(i.MX_DMA2D_Init) refers to stm32f4xx_hal_dma2d.o(i.HAL_DMA2D_ConfigLayer) for HAL_DMA2D_ConfigLayer
    main.o(i.MX_DMA2D_Init) refers to main.o(.bss) for .bss
    main.o(i.MX_FMC_Init) refers to memseta.o(.text) for __aeabi_memclr4
    main.o(i.MX_FMC_Init) refers to stm32f4xx_hal_sdram.o(i.HAL_SDRAM_Init) for HAL_SDRAM_Init
    main.o(i.MX_FMC_Init) refers to main.o(.bss) for .bss
    main.o(i.MX_I2C3_Init) refers to stm32f4xx_hal_i2c.o(i.HAL_I2C_Init) for HAL_I2C_Init
    main.o(i.MX_I2C3_Init) refers to stm32f4xx_hal_i2c_ex.o(i.HAL_I2CEx_ConfigAnalogFilter) for HAL_I2CEx_ConfigAnalogFilter
    main.o(i.MX_I2C3_Init) refers to stm32f4xx_hal_i2c_ex.o(i.HAL_I2CEx_ConfigDigitalFilter) for HAL_I2CEx_ConfigDigitalFilter
    main.o(i.MX_I2C3_Init) refers to main.o(.bss) for .bss
    main.o(i.MX_LTDC_Init) refers to memseta.o(.text) for __aeabi_memclr4
    main.o(i.MX_LTDC_Init) refers to stm32f4xx_hal_ltdc.o(i.HAL_LTDC_Init) for HAL_LTDC_Init
    main.o(i.MX_LTDC_Init) refers to stm32f4xx_hal_ltdc.o(i.HAL_LTDC_ConfigLayer) for HAL_LTDC_ConfigLayer
    main.o(i.MX_LTDC_Init) refers to main.o(.bss) for .bss
    main.o(i.MX_SPI5_Init) refers to stm32f4xx_hal_spi.o(i.HAL_SPI_Init) for HAL_SPI_Init
    main.o(i.MX_SPI5_Init) refers to main.o(.bss) for .bss
    main.o(i.SystemClock_Config) refers to memseta.o(.text) for __aeabi_memclr4
    main.o(i.SystemClock_Config) refers to stm32f4xx_hal_rcc.o(i.HAL_RCC_OscConfig) for HAL_RCC_OscConfig
    main.o(i.SystemClock_Config) refers to stm32f4xx_hal_pwr_ex.o(i.HAL_PWREx_EnableOverDrive) for HAL_PWREx_EnableOverDrive
    main.o(i.SystemClock_Config) refers to stm32f4xx_hal_rcc.o(i.HAL_RCC_ClockConfig) for HAL_RCC_ClockConfig
    main.o(i.SystemClock_Config) refers to stm32f4xx_hal_rcc_ex.o(i.HAL_RCCEx_PeriphCLKConfig) for HAL_RCCEx_PeriphCLKConfig
    main.o(i.main) refers to stm32f4xx_hal.o(i.HAL_Init) for HAL_Init
    main.o(i.main) refers to main.o(i.MX_GPIO_Init) for MX_GPIO_Init
    main.o(i.main) refers to main.o(i.MX_DMA2D_Init) for MX_DMA2D_Init
    main.o(i.main) refers to main.o(i.MX_FMC_Init) for MX_FMC_Init
    main.o(i.main) refers to stm32f4xx_hal_uart.o(i.HAL_UART_Init) for HAL_UART_Init
    main.o(i.main) refers to main.o(i.MX_I2C3_Init) for MX_I2C3_Init
    main.o(i.main) refers to main.o(i.MX_LTDC_Init) for MX_LTDC_Init
    main.o(i.main) refers to main.o(i.MX_SPI5_Init) for MX_SPI5_Init
    main.o(i.main) refers to main.o(i.SystemClock_Config) for SystemClock_Config
    main.o(i.main) refers to init_all.o(i.initAll) for initAll
    main.o(i.main) refers to printf1.o(i.__0printf$1) for __2printf
    main.o(i.main) refers to stm32f4xx_hal.o(i.HAL_Delay) for HAL_Delay
    main.o(i.main) refers to main.o(.bss) for .bss
    main.o(i.main) refers to lcd_log.o(.data) for LCD_LineColor
    main.o(i.main) refers to main.o(.data) for .data
    stm32f4xx_it.o(i.SysTick_Handler) refers to stm32f4xx_hal.o(i.HAL_IncTick) for HAL_IncTick
    stm32f4xx_hal_msp.o(i.HAL_FMC_MspInit) refers to memseta.o(.text) for __aeabi_memclr4
    stm32f4xx_hal_msp.o(i.HAL_FMC_MspInit) refers to stm32f4xx_hal_gpio.o(i.HAL_GPIO_Init) for HAL_GPIO_Init
    stm32f4xx_hal_msp.o(i.HAL_FMC_MspInit) refers to stm32f4xx_hal_msp.o(.data) for .data
    stm32f4xx_hal_msp.o(i.HAL_I2C_MspDeInit) refers to stm32f4xx_hal_gpio.o(i.HAL_GPIO_DeInit) for HAL_GPIO_DeInit
    stm32f4xx_hal_msp.o(i.HAL_I2C_MspInit) refers to memseta.o(.text) for __aeabi_memclr4
[...]
    ../Drivers/STM32F4xx_HAL_Driver/Src/stm32f4xx_hal_flash_ex.c 0x00000000   Number         0  stm32f4xx_hal_flash_ex.o ABSOLUTE
    ../Drivers/STM32F4xx_HAL_Driver/Src/stm32f4xx_hal_flash_ramfunc.c 0x00000000   Number         0  stm32f4xx_hal_flash_ramfunc.o ABSOLUTE
    ../Drivers/STM32F4xx_HAL_Driver/Src/stm32f4xx_hal_gpio.c 0x00000000   Number         0  stm32f4xx_hal_gpio.o ABSOLUTE
    ../Drivers/STM32F4xx_HAL_Driver/Src/stm32f4xx_hal_i2c.c 0x00000000   Number         0  stm32f4xx_hal_i2c.o ABSOLUTE
    ../Drivers/STM32F4xx_HAL_Driver/Src/stm32f4xx_hal_i2c_ex.c 0x00000000   Number         0  stm32f4xx_hal_i2c_ex.o ABSOLUTE
    ../Drivers/STM32F4xx_HAL_Driver/Src/stm32f4xx_hal_ltdc.c 0x00000000   Number         0  stm32f4xx_hal_ltdc.o ABSOLUTE
    ../Drivers/STM32F4xx_HAL_Driver/Src/stm32f4xx_hal_ltdc_ex.c 0x00000000   Number         0  stm32f4xx_hal_ltdc_ex.o ABSOLUTE
    ../Drivers/STM32F4xx_HAL_Driver/Src/stm32f4xx_hal_pwr.c 0x00000000   Number         0  stm32f4xx_hal_pwr.o ABSOLUTE
    ../Drivers/STM32F4xx_HAL_Driver/Src/stm32f4xx_hal_pwr_ex.c 0x00000000   Number         0  stm32f4xx_hal_pwr_ex.o ABSOLUTE
    ../Drivers/STM32F4xx_HAL_Driver/Src/stm32f4xx_hal_rcc.c 0x00000000   Number         0  stm32f4xx_hal_rcc.o ABSOLUTE
    ../Drivers/STM32F4xx_HAL_Driver/Src/stm32f4xx_hal_rcc_ex.c 0x00000000   Number         0  stm32f4xx_hal_rcc_ex.o ABSOLUTE
    ../Drivers/STM32F4xx_HAL_Driver/Src/stm32f4xx_hal_sdram.c 0x00000000   Number         0  stm32f4xx_hal_sdram.o ABSOLUTE
    ../Drivers/STM32F4xx_HAL_Driver/Src/stm32f4xx_hal_spi.c 0x00000000   Number         0  stm32f4xx_hal_spi.o ABSOLUTE
    ../Drivers/STM32F4xx_HAL_Driver/Src/stm32f4xx_hal_tim.c 0x00000000   Number         0  stm32f4xx_hal_tim.o ABSOLUTE
    ../Drivers/STM32F4xx_HAL_Driver/Src/stm32f4xx_hal_tim_ex.c 0x00000000   Number         0  stm32f4xx_hal_tim_ex.o ABSOLUTE
    ../Drivers/STM32F4xx_HAL_Driver/Src/stm32f4xx_hal_uart.c 0x00000000   Number         0  stm32f4xx_hal_uart.o ABSOLUTE
    ../Drivers/STM32F4xx_HAL_Driver/Src/stm32f4xx_ll_fmc.c 0x00000000   Number         0  stm32f4xx_ll_fmc.o ABSOLUTE
    ../clib/microlib/division.c              0x00000000   Number         0  uldiv.o ABSOLUTE
    ../clib/microlib/division.c              0x00000000   Number         0  uidiv.o ABSOLUTE
    ../clib/microlib/init/entry.s            0x00000000   Number         0  entry2.o ABSOLUTE
    ../clib/microlib/init/entry.s            0x00000000   Number         0  entry10b.o ABSOLUTE
    ../clib/microlib/init/entry.s            0x00000000   Number         0  entry7b.o ABSOLUTE
    ../clib/microlib/init/entry.s            0x00000000   Number         0  entry7a.o ABSOLUTE
    ../clib/microlib/init/entry.s            0x00000000   Number         0  entry11b.o ABSOLUTE
    ../clib/microlib/init/entry.s            0x00000000   Number         0  entry5.o ABSOLUTE
    ../clib/microlib/init/entry.s            0x00000000   Number         0  entry10a.o ABSOLUTE
    ../clib/microlib/init/entry.s            0x00000000   Number         0  entry9b.o ABSOLUTE
    ../clib/microlib/init/entry.s            0x00000000   Number         0  entry11a.o ABSOLUTE
    ../clib/microlib/init/entry.s            0x00000000   Number         0  entry9a.o ABSOLUTE
    ../clib/microlib/init/entry.s            0x00000000   Number         0  entry.o ABSOLUTE
    ../clib/microlib/init/entry.s            0x00000000   Number         0  entry8b.o ABSOLUTE
    ../clib/microlib/init/entry.s            0x00000000   Number         0  entry8a.o ABSOLUTE
    ../clib/microlib/longlong.c              0x00000000   Number         0  llsshr.o ABSOLUTE
    ../clib/microlib/longlong.c              0x00000000   Number         0  llshl.o ABSOLUTE
    ../clib/microlib/longlong.c              0x00000000   Number         0  llushr.o ABSOLUTE
    ../clib/microlib/printf/printf.c         0x00000000   Number         0  printfb.o ABSOLUTE
    ../clib/microlib/printf/printf.c         0x00000000   Number         0  printf6.o ABSOLUTE
    ../clib/microlib/printf/printf.c         0x00000000   Number         0  printf5.o ABSOLUTE
    ../clib/microlib/printf/printf.c         0x00000000   Number         0  printf4.o ABSOLUTE
    ../clib/microlib/printf/printf.c         0x00000000   Number         0  printf0.o ABSOLUTE
    ../clib/microlib/printf/printf.c         0x00000000   Number         0  printf3.o ABSOLUTE
    ../clib/microlib/printf/printf.c         0x00000000   Number         0  printf1.o ABSOLUTE
    ../clib/microlib/printf/printf.c         0x00000000   Number         0  printfa.o ABSOLUTE
    ../clib/microlib/printf/printf.c         0x00000000   Number         0  printf8.o ABSOLUTE
    ../clib/microlib/printf/printf.c         0x00000000   Number         0  printf2.o ABSOLUTE
    ../clib/microlib/printf/printf.c         0x00000000   Number         0  printf7.o ABSOLUTE
    ../clib/microlib/printf/stubs.s          0x00000000   Number         0  stubs.o ABSOLUTE
    ../clib/microlib/stdio/streams.c         0x00000000   Number         0  stdout.o ABSOLUTE
    ../clib/microlib/string/memcpy.c         0x00000000   Number         0  memcpya.o ABSOLUTE
    ../clib/microlib/string/memcpy.c         0x00000000   Number         0  memcpyb.o ABSOLUTE
    ../clib/microlib/string/memset.c         0x00000000   Number         0  memseta.o ABSOLUTE
    ../clib/microlib/stubs.s                 0x00000000   Number         0  iusefp.o ABSOLUTE
    ../fplib/microlib/fpadd.c                0x00000000   Number         0  dadd.o ABSOLUTE
    ../fplib/microlib/fpdiv.c                0x00000000   Number         0  ddiv.o ABSOLUTE
    ../fplib/microlib/fpepilogue.c           0x00000000   Number         0  depilogue.o ABSOLUTE
    ../fplib/microlib/fpfix.c                0x00000000   Number         0  dfixul.o ABSOLUTE
    ../fplib/microlib/fpmul.c                0x00000000   Number         0  dmul.o ABSOLUTE
    ..\Core\Src\main.c                       0x00000000   Number         0  main.o ABSOLUTE
    ..\Core\Src\stm32f4xx_hal_msp.c          0x00000000   Number         0  stm32f4xx_hal_msp.o ABSOLUTE
    ..\Core\Src\stm32f4xx_it.c               0x00000000   Number         0  stm32f4xx_it.o ABSOLUTE
    ..\Core\Src\system_stm32f4xx.c           0x00000000   Number         0  system_stm32f4xx.o ABSOLUTE
    ..\Drivers\BSP\Components\ili9341\ili9341.c 0x00000000   Number         0  ili9341.o ABSOLUTE
    ..\Drivers\BSP\stm32f429i_discovery.c    0x00000000   Number         0  stm32f429i_discovery.o ABSOLUTE
    ..\Drivers\BSP\stm32f429i_discovery_lcd.c 0x00000000   Number         0  stm32f429i_discovery_lcd.o ABSOLUTE
    ..\Drivers\BSP\stm32f429i_discovery_sdram.c 0x00000000   Number         0  stm32f429i_discovery_sdram.o ABSOLUTE
    ..\Drivers\STM32F4xx_HAL_Driver\Src\stm32f4xx_hal.c 0x00000000   Number         0  stm32f4xx_hal.o ABSOLUTE
    ..\Drivers\STM32F4xx_HAL_Driver\Src\stm32f4xx_hal_cortex.c 0x00000000   Number         0  stm32f4xx_hal_cortex.o ABSOLUTE
    ..\Drivers\STM32F4xx_HAL_Driver\Src\stm32f4xx_hal_dma.c 0x00000000   Number         0  stm32f4xx_hal_dma.o ABSOLUTE
    ..\Drivers\STM32F4xx_HAL_Driver\Src\stm32f4xx_hal_dma2d.c 0x00000000   Number         0  stm32f4xx_hal_dma2d.o ABSOLUTE
    ..\Drivers\STM32F4xx_HAL_Driver\Src\stm32f4xx_hal_dma_ex.c 0x00000000   Number         0  stm32f4xx_hal_dma_ex.o ABSOLUTE
    ..\Drivers\STM32F4xx_HAL_Driver\Src\stm32f4xx_hal_dsi.c 0x00000000   Number         0  stm32f4xx_hal_dsi.o ABSOLUTE
    ..\Drivers\STM32F4xx_HAL_Driver\Src\stm32f4xx_hal_exti.c 0x00000000   Number         0  stm32f4xx_hal_exti.o ABSOLUTE
    ..\Drivers\STM32F4xx_HAL_Driver\Src\stm32f4xx_hal_flash.c 0x00000000   Number         0  stm32f4xx_hal_flash.o ABSOLUTE
    ..\Drivers\STM32F4xx_HAL_Driver\Src\stm32f4xx_hal_flash_ex.c 0x00000000   Number         0  stm32f4xx_hal_flash_ex.o ABSOLUTE
    ..\Drivers\STM32F4xx_HAL_Driver\Src\stm32f4xx_hal_flash_ramfunc.c 0x00000000   Number         0  stm32f4xx_hal_flash_ramfunc.o ABSOLUTE
    ..\Drivers\STM32F4xx_HAL_Driver\Src\stm32f4xx_hal_gpio.c 0x00000000   Number         0  stm32f4xx_hal_gpio.o ABSOLUTE
    ..\Drivers\STM32F4xx_HAL_Driver\Src\stm32f4xx_hal_i2c.c 0x00000000   Number         0  stm32f4xx_hal_i2c.o ABSOLUTE
    ..\Drivers\STM32F4xx_HAL_Driver\Src\stm32f4xx_hal_i2c_ex.c 0x00000000   Number         0  stm32f4xx_hal_i2c_ex.o ABSOLUTE
    ..\Drivers\STM32F4xx_HAL_Driver\Src\stm32f4xx_hal_ltdc.c 0x00000000   Number         0  stm32f4xx_hal_ltdc.o ABSOLUTE
    ..\Drivers\STM32F4xx_HAL_Driver\Src\stm32f4xx_hal_ltdc_ex.c 0x00000000   Number         0  stm32f4xx_hal_ltdc_ex.o ABSOLUTE
    ..\Drivers\STM32F4xx_HAL_Driver\Src\stm32f4xx_hal_pwr.c 0x00000000   Number         0  stm32f4xx_hal_pwr.o ABSOLUTE
    ..\Drivers\STM32F4xx_HAL_Driver\Src\stm32f4xx_hal_pwr_ex.c 0x00000000   Number         0  stm32f4xx_hal_pwr_ex.o ABSOLUTE
    ..\Drivers\STM32F4xx_HAL_Driver\Src\stm32f4xx_hal_rcc.c 0x00000000   Number         0  stm32f4xx_hal_rcc.o ABSOLUTE
    ..\Drivers\STM32F4xx_HAL_Driver\Src\stm32f4xx_hal_rcc_ex.c 0x00000000   Number         0  stm32f4xx_hal_rcc_ex.o ABSOLUTE
    ..\Drivers\STM32F4xx_HAL_Driver\Src\stm32f4xx_hal_sdram.c 0x00000000   Number         0  stm32f4xx_hal_sdram.o ABSOLUTE
    ..\Drivers\STM32F4xx_HAL_Driver\Src\stm32f4xx_hal_spi.c 0x00000000   Number         0  stm32f4xx_hal_spi.o ABSOLUTE
    ..\Drivers\STM32F4xx_HAL_Driver\Src\stm32f4xx_hal_tim.c 0x00000000   Number         0  stm32f4xx_hal_tim.o ABSOLUTE
    ..\Drivers\STM32F4xx_HAL_Driver\Src\stm32f4xx_hal_tim_ex.c 0x00000000   Number         0  stm32f4xx_hal_tim_ex.o ABSOLUTE
    ..\Drivers\STM32F4xx_HAL_Driver\Src\stm32f4xx_hal_uart.c 0x00000000   Number         0  stm32f4xx_hal_uart.o ABSOLUTE
    ..\Drivers\STM32F4xx_HAL_Driver\Src\stm32f4xx_ll_fmc.c 0x00000000   Number         0  stm32f4xx_ll_fmc.o ABSOLUTE
    ..\Utilities\Log\lcd_log.c               0x00000000   Number         0  lcd_log.o ABSOLUTE
    ..\\Drivers\\BSP\\stm32f429i_discovery.c 0x00000000   Number         0  stm32f429i_discovery.o ABSOLUTE
    ..\\Drivers\\BSP\\stm32f429i_discovery_lcd.c 0x00000000   Number         0  stm32f429i_discovery_lcd.o ABSOLUTE
    ..\\Drivers\\BSP\\stm32f429i_discovery_sdram.c 0x00000000   Number         0  stm32f429i_discovery_sdram.o ABSOLUTE
    ..\\Utilities\\Log\\lcd_log.c            0x00000000   Number         0  lcd_log.o ABSOLUTE
    cdrcmple.s                               0x00000000   Number         0  cdrcmple.o ABSOLUTE
    dc.s                                     0x00000000   Number         0  dc.o ABSOLUTE
    handlers.s                               0x00000000   Number         0  handlers.o ABSOLUTE
    init.s                                   0x00000000   Number         0  init.o ABSOLUTE
    init_all.c                               0x00000000   Number         0  init_all.o ABSOLUTE
    init_all.c                               0x00000000   Number         0  init_all.o ABSOLUTE
    startup_stm32f429xx.s                    0x00000000   Number         0  startup_stm32f429xx.o ABSOLUTE
    RESET                                    0x08000000   Section      428  startup_stm32f429xx.o(RESET)
    .ARM.Collect$$$$00000000                 0x080001ac   Section        0  entry.o(.ARM.Collect$$$$00000000)
    .ARM.Collect$$$$00000001                 0x080001ac   Section        4  entry2.o(.ARM.Collect$$$$00000001)
    .ARM.Collect$$$$00000004                 0x080001b0   Section        4  entry5.o(.ARM.Collect$$$$00000004)
    .ARM.Collect$$$$00000008                 0x080001b4   Section        0  entry7b.o(.ARM.Collect$$$$00000008)
    .ARM.Collect$$$$0000000A                 0x080001b4   Section        0  entry8b.o(.ARM.Collect$$$$0000000A)
    .ARM.Collect$$$$0000000B                 0x080001b4   Section        8  entry9a.o(.ARM.Collect$$$$0000000B)
    .ARM.Collect$$$$0000000D                 0x080001bc   Section        0  entry10a.o(.ARM.Collect$$$$0000000D)
    .ARM.Collect$$$$0000000F                 0x080001bc   Section        0  entry11a.o(.ARM.Collect$$$$0000000F)
    .ARM.Collect$$$$00002712                 0x080001bc   Section        4  entry2.o(.ARM.Collect$$$$00002712)
    __lit__00000000                          0x080001bc   Data           4  entry2.o(.ARM.Collect$$$$00002712)
    .text                                    0x080001c0   Section       36  startup_stm32f429xx.o(.text)
    $v0                                      0x080001c0   Number         0  startup_stm32f429xx.o(.text)
    .text                                    0x080001e4   Section        0  uldiv.o(.text)
    .text                                    0x08000246   Section        0  memcpya.o(.text)
    .text                                    0x0800026a   Section        0  memseta.o(.text)
    .text                                    0x0800028e   Section        0  uidiv.o(.text)
    .text                                    0x080002ba   Section        0  llshl.o(.text)
    .text                                    0x080002d8   Section        0  llushr.o(.text)
    .text                                    0x080002f8   Section       36  init.o(.text)
    i.BSP_LCD_Clear                          0x0800031c   Section        0  stm32f429i_discovery_lcd.o(i.BSP_LCD_Clear)
    i.BSP_LCD_DisplayChar                    0x08000358   Section        0  stm32f429i_discovery_lcd.o(i.BSP_LCD_DisplayChar)
    i.BSP_LCD_DisplayStringAt                0x0800038c   Section        0  stm32f429i_discovery_lcd.o(i.BSP_LCD_DisplayStringAt)
    i.BSP_LCD_DisplayStringAtLine            0x08000450   Section        0  stm32f429i_discovery_lcd.o(i.BSP_LCD_DisplayStringAtLine)
    i.BSP_LCD_DrawPixel                      0x0800046c   Section        0  stm32f429i_discovery_lcd.o(i.BSP_LCD_DrawPixel)
    i.BSP_LCD_FillRect                       0x080004a0   Section        0  stm32f429i_discovery_lcd.o(i.BSP_LCD_FillRect)
    i.BSP_LCD_GetFont                        0x08000508   Section        0  stm32f429i_discovery_lcd.o(i.BSP_LCD_GetFont)
    i.BSP_LCD_GetXSize                       0x08000524   Section        0  stm32f429i_discovery_lcd.o(i.BSP_LCD_GetXSize)
    i.BSP_LCD_GetYSize                       0x08000530   Section        0  stm32f429i_discovery_lcd.o(i.BSP_LCD_GetYSize)
    i.BSP_LCD_Init                           0x0800053c   Section        0  stm32f429i_discovery_lcd.o(i.BSP_LCD_Init)
    i.BSP_LCD_LayerDefaultInit               0x080005d0   Section        0  stm32f429i_discovery_lcd.o(i.BSP_LCD_LayerDefaultInit)
    i.BSP_LCD_MspInit                        0x08000650   Section        0  stm32f429i_discovery_lcd.o(i.BSP_LCD_MspInit)
    i.BSP_LCD_SelectLayer                    0x0800077c   Section        0  stm32f429i_discovery_lcd.o(i.BSP_LCD_SelectLayer)
    i.BSP_LCD_SetBackColor                   0x08000788   Section        0  stm32f429i_discovery_lcd.o(i.BSP_LCD_SetBackColor)
    i.BSP_LCD_SetFont                        0x080007a4   Section        0  stm32f429i_discovery_lcd.o(i.BSP_LCD_SetFont)
    i.BSP_LCD_SetTextColor                   0x080007c0   Section        0  stm32f429i_discovery_lcd.o(i.BSP_LCD_SetTextColor)
    i.BSP_LCD_SetTransparency                0x080007d8   Section        0  stm32f429i_discovery_lcd.o(i.BSP_LCD_SetTransparency)
    i.BSP_SDRAM_Init                         0x080007e4   Section        0  stm32f429i_discovery_sdram.o(i.BSP_SDRAM_Init)
    i.BSP_SDRAM_Initialization_sequence      0x0800085c   Section        0  stm32f429i_discovery_sdram.o(i.BSP_SDRAM_Initialization_sequence)
    i.BSP_SDRAM_MspInit                      0x080008e4   Section        0  stm32f429i_discovery_sdram.o(i.BSP_SDRAM_MspInit)
    i.BusFault_Handler                       0x08000a48   Section        0  stm32f4xx_it.o(i.BusFault_Handler)
    i.DMA2D_SetConfig                        0x08000a4a   Section        0  stm32f4xx_hal_dma2d.o(i.DMA2D_SetConfig)
    DMA2D_SetConfig                          0x08000a4b   Thumb Code   150  stm32f4xx_hal_dma2d.o(i.DMA2D_SetConfig)
    i.DMA_CalcBaseAndBitshift                0x08000ae0   Section        0  stm32f4xx_hal_dma.o(i.DMA_CalcBaseAndBitshift)
    DMA_CalcBaseAndBitshift                  0x08000ae1   Thumb Code    34  stm32f4xx_hal_dma.o(i.DMA_CalcBaseAndBitshift)
    i.DMA_CheckFifoParam                     0x08000b08   Section        0  stm32f4xx_hal_dma.o(i.DMA_CheckFifoParam)
    DMA_CheckFifoParam                       0x08000b09   Thumb Code    84  stm32f4xx_hal_dma.o(i.DMA_CheckFifoParam)
    i.DebugMon_Handler                       0x08000b5c   Section        0  stm32f4xx_it.o(i.DebugMon_Handler)
    i.DrawChar                               0x08000b60   Section        0  stm32f429i_discovery_lcd.o(i.DrawChar)
    DrawChar                                 0x08000b61   Thumb Code   172  stm32f429i_discovery_lcd.o(i.DrawChar)
    i.FMC_SDRAM_Init                         0x08000c14   Section        0  stm32f4xx_ll_fmc.o(i.FMC_SDRAM_Init)
    i.FMC_SDRAM_ProgramRefreshRate           0x08000c64   Section        0  stm32f4xx_ll_fmc.o(i.FMC_SDRAM_ProgramRefreshRate)
    i.FMC_SDRAM_SendCommand                  0x08000c70   Section        0  stm32f4xx_ll_fmc.o(i.FMC_SDRAM_SendCommand)
    i.FMC_SDRAM_Timing_Init                  0x08000cb8   Section        0  stm32f4xx_ll_fmc.o(i.FMC_SDRAM_Timing_Init)
    i.FillBuffer                             0x08000d38   Section        0  stm32f429i_discovery_lcd.o(i.FillBuffer)
    FillBuffer                               0x08000d39   Thumb Code    88  stm32f429i_discovery_lcd.o(i.FillBuffer)
    i.HAL_DMA2D_ConfigLayer                  0x08000d98   Section        0  stm32f4xx_hal_dma2d.o(i.HAL_DMA2D_ConfigLayer)
    i.HAL_DMA2D_Init                         0x08000e3c   Section        0  stm32f4xx_hal_dma2d.o(i.HAL_DMA2D_Init)
    i.HAL_DMA2D_MspInit                      0x08000e98   Section        0  stm32f4xx_hal_msp.o(i.HAL_DMA2D_MspInit)
    i.HAL_DMA2D_PollForTransfer              0x08000ec0   Section        0  stm32f4xx_hal_dma2d.o(i.HAL_DMA2D_PollForTransfer)
    i.HAL_DMA2D_Start                        0x08000fd0   Section        0  stm32f4xx_hal_dma2d.o(i.HAL_DMA2D_Start)
    i.HAL_DMA_DeInit                         0x08001004   Section        0  stm32f4xx_hal_dma.o(i.HAL_DMA_DeInit)
    i.HAL_DMA_Init                           0x08001068   Section        0  stm32f4xx_hal_dma.o(i.HAL_DMA_Init)
    i.HAL_Delay                              0x0800113c   Section        0  stm32f4xx_hal.o(i.HAL_Delay)
    i.HAL_FMC_MspInit                        0x08001160   Section        0  stm32f4xx_hal_msp.o(i.HAL_FMC_MspInit)
    HAL_FMC_MspInit                          0x08001161   Thumb Code   188  stm32f4xx_hal_msp.o(i.HAL_FMC_MspInit)
    i.HAL_GPIO_DeInit                        0x0800123c   Section        0  stm32f4xx_hal_gpio.o(i.HAL_GPIO_DeInit)
    i.HAL_GPIO_Init                          0x080013c8   Section        0  stm32f4xx_hal_gpio.o(i.HAL_GPIO_Init)
    i.HAL_GPIO_WritePin                      0x0800159c   Section        0  stm32f4xx_hal_gpio.o(i.HAL_GPIO_WritePin)
    i.HAL_GetTick                            0x080015a8   Section        0  stm32f4xx_hal.o(i.HAL_GetTick)
    i.HAL_I2CEx_ConfigAnalogFilter           0x080015b4   Section        0  stm32f4xx_hal_i2c_ex.o(i.HAL_I2CEx_ConfigAnalogFilter)
    i.HAL_I2CEx_ConfigDigitalFilter          0x080015f6   Section        0  stm32f4xx_hal_i2c_ex.o(i.HAL_I2CEx_ConfigDigitalFilter)
    i.HAL_I2C_Init                           0x08001634   Section        0  stm32f4xx_hal_i2c.o(i.HAL_I2C_Init)
    i.HAL_I2C_MspInit                        0x080017bc   Section        0  stm32f4xx_hal_msp.o(i.HAL_I2C_MspInit)
    i.HAL_IncTick                            0x08001844   Section        0  stm32f4xx_hal.o(i.HAL_IncTick)
    i.HAL_Init                               0x08001854   Section        0  stm32f4xx_hal.o(i.HAL_Init)
    i.HAL_InitTick                           0x08001888   Section        0  stm32f4xx_hal.o(i.HAL_InitTick)
    i.HAL_LTDC_ConfigLayer                   0x080018c8   Section        0  stm32f4xx_hal_ltdc.o(i.HAL_LTDC_ConfigLayer)
    i.HAL_LTDC_EnableDither                  0x0800191c   Section        0  stm32f4xx_hal_ltdc.o(i.HAL_LTDC_EnableDither)
    i.HAL_LTDC_Init                          0x0800194c   Section        0  stm32f4xx_hal_ltdc.o(i.HAL_LTDC_Init)
    i.HAL_LTDC_MspInit                       0x08001a40   Section        0  stm32f4xx_hal_msp.o(i.HAL_LTDC_MspInit)
    i.HAL_LTDC_SetAlpha                      0x08001bb4   Section        0  stm32f4xx_hal_ltdc.o(i.HAL_LTDC_SetAlpha)
    i.HAL_MspInit                            0x08001bf8   Section        0  stm32f4xx_hal_msp.o(i.HAL_MspInit)
    i.HAL_NVIC_EnableIRQ                     0x08001c2c   Section        0  stm32f4xx_hal_cortex.o(i.HAL_NVIC_EnableIRQ)
    i.HAL_NVIC_SetPriority                   0x08001c48   Section        0  stm32f4xx_hal_cortex.o(i.HAL_NVIC_SetPriority)
    i.HAL_NVIC_SetPriorityGrouping           0x08001c88   Section        0  stm32f4xx_hal_cortex.o(i.HAL_NVIC_SetPriorityGrouping)
    i.HAL_PWREx_EnableOverDrive              0x08001cac   Section        0  stm32f4xx_hal_pwr_ex.o(i.HAL_PWREx_EnableOverDrive)
    i.HAL_RCCEx_PeriphCLKConfig              0x08001d1c   Section        0  stm32f4xx_hal_rcc_ex.o(i.HAL_RCCEx_PeriphCLKConfig)
    i.HAL_RCC_ClockConfig                    0x08001f70   Section        0  stm32f4xx_hal_rcc.o(i.HAL_RCC_ClockConfig)
    i.HAL_RCC_GetPCLK1Freq                   0x080020a4   Section        0  stm32f4xx_hal_rcc.o(i.HAL_RCC_GetPCLK1Freq)
    i.HAL_RCC_GetPCLK2Freq                   0x080020c4   Section        0  stm32f4xx_hal_rcc.o(i.HAL_RCC_GetPCLK2Freq)
    i.HAL_RCC_GetSysClockFreq                0x080020e4   Section        0  stm32f4xx_hal_rcc.o(i.HAL_RCC_GetSysClockFreq)
    i.HAL_RCC_OscConfig                      0x08002144   Section        0  stm32f4xx_hal_rcc.o(i.HAL_RCC_OscConfig)
    i.HAL_SDRAM_Init                         0x080024a0   Section        0  stm32f4xx_hal_sdram.o(i.HAL_SDRAM_Init)
    i.HAL_SDRAM_MspInit                      0x080024e2   Section        0  stm32f4xx_hal_msp.o(i.HAL_SDRAM_MspInit)
    i.HAL_SDRAM_ProgramRefreshRate           0x080024e6   Section        0  stm32f4xx_hal_sdram.o(i.HAL_SDRAM_ProgramRefreshRate)
    i.HAL_SDRAM_SendCommand                  0x08002508   Section        0  stm32f4xx_hal_sdram.o(i.HAL_SDRAM_SendCommand)
    i.HAL_SPI_DeInit                         0x08002538   Section        0  stm32f4xx_hal_spi.o(i.HAL_SPI_DeInit)
    i.HAL_SPI_GetState                       0x08002566   Section        0  stm32f4xx_hal_spi.o(i.HAL_SPI_GetState)
    i.HAL_SPI_Init                           0x0800256c   Section        0  stm32f4xx_hal_spi.o(i.HAL_SPI_Init)
    i.HAL_SPI_MspDeInit                      0x080025ec   Section        0  stm32f4xx_hal_msp.o(i.HAL_SPI_MspDeInit)
    i.HAL_SPI_MspInit                        0x08002618   Section        0  stm32f4xx_hal_msp.o(i.HAL_SPI_MspInit)
    i.HAL_SPI_Receive                        0x08002684   Section        0  stm32f4xx_hal_spi.o(i.HAL_SPI_Receive)
    i.HAL_SPI_Transmit                       0x080027d4   Section        0  stm32f4xx_hal_spi.o(i.HAL_SPI_Transmit)
    i.HAL_SPI_TransmitReceive                0x08002930   Section        0  stm32f4xx_hal_spi.o(i.HAL_SPI_TransmitReceive)
    i.HAL_SYSTICK_Config                     0x08002b12   Section        0  stm32f4xx_hal_cortex.o(i.HAL_SYSTICK_Config)
    i.HAL_UART_Init                          0x08002b3a   Section        0  stm32f4xx_hal_uart.o(i.HAL_UART_Init)
    i.HAL_UART_MspInit                       0x08002b9c   Section        0  stm32f4xx_hal_msp.o(i.HAL_UART_MspInit)
    i.HardFault_Handler                      0x08002c08   Section        0  stm32f4xx_it.o(i.HardFault_Handler)
    i.LCD_Delay                              0x08002c0a   Section        0  stm32f429i_discovery.o(i.LCD_Delay)
    i.LCD_IO_Init                            0x08002c10   Section        0  stm32f429i_discovery.o(i.LCD_IO_Init)
    i.LCD_IO_ReadData                        0x08002cb8   Section        0  stm32f429i_discovery.o(i.LCD_IO_ReadData)
    i.LCD_IO_WriteData                       0x08002d24   Section        0  stm32f429i_discovery.o(i.LCD_IO_WriteData)
    i.LCD_IO_WriteReg                        0x08002d5c   Section        0  stm32f429i_discovery.o(i.LCD_IO_WriteReg)
    i.LCD_LOG_DeInit                         0x08002d94   Section        0  lcd_log.o(i.LCD_LOG_DeInit)
    i.LCD_LOG_Init                           0x08002dbc   Section        0  lcd_log.o(i.LCD_LOG_Init)
    i.LCD_LOG_SetFooter                      0x08002dd0   Section        0  lcd_log.o(i.LCD_LOG_SetFooter)
    i.LCD_LOG_SetHeader                      0x08002e48   Section        0  lcd_log.o(i.LCD_LOG_SetHeader)
    i.LCD_LOG_UpdateDisplay                  0x08002eac   Section        0  lcd_log.o(i.LCD_LOG_UpdateDisplay)
    i.LTDC_SetConfig                         0x08002f30   Section        0  stm32f4xx_hal_ltdc.o(i.LTDC_SetConfig)
    LTDC_SetConfig                           0x08002f31   Thumb Code   354  stm32f4xx_hal_ltdc.o(i.LTDC_SetConfig)
    i.MX_DMA2D_Init                          0x08003094   Section        0  main.o(i.MX_DMA2D_Init)
    MX_DMA2D_Init                            0x08003095   Thumb Code    54  main.o(i.MX_DMA2D_Init)
    i.MX_FMC_Init                            0x080030d4   Section        0  main.o(i.MX_FMC_Init)
    MX_FMC_Init                              0x080030d5   Thumb Code    82  main.o(i.MX_FMC_Init)
    i.MX_GPIO_Init                           0x08003130   Section        0  main.o(i.MX_GPIO_Init)
    MX_GPIO_Init                             0x08003131   Thumb Code   134  main.o(i.MX_GPIO_Init)
    i.MX_I2C3_Init                           0x080031bc   Section        0  main.o(i.MX_I2C3_Init)
    MX_I2C3_Init                             0x080031bd   Thumb Code    74  main.o(i.MX_I2C3_Init)
    i.MX_LTDC_Init                           0x08003214   Section        0  main.o(i.MX_LTDC_Init)
    MX_LTDC_Init                             0x08003215   Thumb Code   208  main.o(i.MX_LTDC_Init)
    i.MX_SPI5_Init                           0x080032ec   Section        0  main.o(i.MX_SPI5_Init)
    MX_SPI5_Init                             0x080032ed   Thumb Code    56  main.o(i.MX_SPI5_Init)
    i.MemManage_Handler                      0x0800332c   Section        0  stm32f4xx_it.o(i.MemManage_Handler)
    i.NMI_Handler                            0x0800332e   Section        0  stm32f4xx_it.o(i.NMI_Handler)
    i.PendSV_Handler                         0x08003330   Section        0  stm32f4xx_it.o(i.PendSV_Handler)
    i.SPI_EndRxTransaction                   0x08003332   Section        0  stm32f4xx_hal_spi.o(i.SPI_EndRxTransaction)
    SPI_EndRxTransaction                     0x08003333   Thumb Code    92  stm32f4xx_hal_spi.o(i.SPI_EndRxTransaction)
    i.SPI_EndRxTxTransaction                 0x08003390   Section        0  stm32f4xx_hal_spi.o(i.SPI_EndRxTxTransaction)
    SPI_EndRxTxTransaction                   0x08003391   Thumb Code    80  stm32f4xx_hal_spi.o(i.SPI_EndRxTxTransaction)
    i.SPI_WaitFlagStateUntilTimeout          0x080033e8   Section        0  stm32f4xx_hal_spi.o(i.SPI_WaitFlagStateUntilTimeout)
    SPI_WaitFlagStateUntilTimeout            0x080033e9   Thumb Code   148  stm32f4xx_hal_spi.o(i.SPI_WaitFlagStateUntilTimeout)
    i.SPIx_Error                             0x0800347c   Section        0  stm32f429i_discovery.o(i.SPIx_Error)
    SPIx_Error                               0x0800347d   Thumb Code    16  stm32f429i_discovery.o(i.SPIx_Error)
    i.SPIx_Init                              0x08003490   Section        0  stm32f429i_discovery.o(i.SPIx_Init)
    SPIx_Init                                0x08003491   Thumb Code   138  stm32f429i_discovery.o(i.SPIx_Init)
    i.SPIx_Write                             0x0800352c   Section        0  stm32f429i_discovery.o(i.SPIx_Write)
    SPIx_Write                               0x0800352d   Thumb Code    26  stm32f429i_discovery.o(i.SPIx_Write)
    i.SVC_Handler                            0x08003550   Section        0  stm32f4xx_it.o(i.SVC_Handler)
    i.SysTick_Handler                        0x08003552   Section        0  stm32f4xx_it.o(i.SysTick_Handler)
    i.SystemClock_Config                     0x08003558   Section        0  main.o(i.SystemClock_Config)
    i.SystemInit                             0x08003618   Section        0  system_stm32f4xx.o(i.SystemInit)
    i.UART_SetConfig                         0x08003634   Section        0  stm32f4xx_hal_uart.o(i.UART_SetConfig)
    UART_SetConfig                           0x08003635   Thumb Code   286  stm32f4xx_hal_uart.o(i.UART_SetConfig)
    i.UsageFault_Handler                     0x0800375c   Section        0  stm32f4xx_it.o(i.UsageFault_Handler)
    i.__0printf$1                            0x08003760   Section        0  printf1.o(i.__0printf$1)
    i.__NVIC_SetPriority                     0x08003780   Section        0  stm32f4xx_hal_cortex.o(i.__NVIC_SetPriority)
    __NVIC_SetPriority                       0x08003781   Thumb Code    32  stm32f4xx_hal_cortex.o(i.__NVIC_SetPriority)
    i.__scatterload_copy                     0x080037a0   Section       14  handlers.o(i.__scatterload_copy)
    i.__scatterload_null                     0x080037ae   Section        2  handlers.o(i.__scatterload_null)
    i.__scatterload_zeroinit                 0x080037b0   Section       14  handlers.o(i.__scatterload_zeroinit)
    i._printf_core                           0x080037c0   Section        0  printf1.o(i._printf_core)
    _printf_core                             0x080037c1   Thumb Code   336  printf1.o(i._printf_core)
    i.fputc                                  0x08003914   Section        0  lcd_log.o(i.fputc)
    i.ili9341_DisplayOff                     0x08003a18   Section        0  ili9341.o(i.ili9341_DisplayOff)
    i.ili9341_DisplayOn                      0x08003a1e   Section        0  ili9341.o(i.ili9341_DisplayOn)
    i.ili9341_GetLcdPixelHeight              0x08003a24   Section        0  ili9341.o(i.ili9341_GetLcdPixelHeight)
    i.ili9341_GetLcdPixelWidth               0x08003a2a   Section        0  ili9341.o(i.ili9341_GetLcdPixelWidth)
    i.ili9341_Init                           0x08003a2e   Section        0  ili9341.o(i.ili9341_Init)
    i.ili9341_ReadID                         0x08003cc0   Section        0  ili9341.o(i.ili9341_ReadID)
    i.initAll                                0x08003cd4   Section        0  init_all.o(i.initAll)
    i.main                                   0x08003d74   Section        0  main.o(i.main)
    .constdata                               0x08003e08   Section        8  stm32f4xx_hal_dma.o(.constdata)
    flagBitshiftOffset                       0x08003e08   Data           8  stm32f4xx_hal_dma.o(.constdata)
    .constdata                               0x08003e10   Section       16  system_stm32f4xx.o(.constdata)
    .constdata                               0x08003e20   Section        8  system_stm32f4xx.o(.constdata)
    .constdata                               0x08003e28   Section     6840  stm32f429i_discovery_lcd.o(.constdata)
    .constdata                               0x080058e0   Section     1140  stm32f429i_discovery_lcd.o(.constdata)
    .data                                    0x20000000   Section        1  main.o(.data)
    .data                                    0x20000004   Section        8  stm32f4xx_hal_msp.o(.data)
    FMC_Initialized                          0x20000004   Data           4  stm32f4xx_hal_msp.o(.data)
    FMC_DeInitialized                        0x20000008   Data           4  stm32f4xx_hal_msp.o(.data)
    .data                                    0x2000000c   Section       12  stm32f4xx_hal.o(.data)
    .data                                    0x20000018   Section        4  system_stm32f4xx.o(.data)
    .data                                    0x2000001c   Section       24  stm32f429i_discovery.o(.data)
    Is_LCD_IO_Initialized                    0x2000001c   Data           1  stm32f429i_discovery.o(.data)
    .data                                    0x20000034   Section       16  stm32f429i_discovery_lcd.o(.data)
    ActiveLayer                              0x20000034   Data           4  stm32f429i_discovery_lcd.o(.data)
    .data                                    0x20000044   Section        8  stm32f429i_discovery_lcd.o(.data)
    .data                                    0x2000004c   Section        1  stm32f429i_discovery_sdram.o(.data)
    sdramstatus                              0x2000004c   Data           1  stm32f429i_discovery_sdram.o(.data)
    .data                                    0x20000050   Section       56  ili9341.o(.data)
    .data                                    0x20000088   Section       20  lcd_log.o(.data)
    .data                                    0x2000009c   Section        4  stdout.o(.data)
    .bss                                     0x200000a0   Section      520  main.o(.bss)
    .bss                                     0x200002a8   Section      172  stm32f429i_discovery.o(.bss)
    SpiHandle                                0x200002fc   Data          88  stm32f429i_discovery.o(.bss)
    .bss                                     0x20000354   Section      304  stm32f429i_discovery_lcd.o(.bss)
    Dma2dHandler                             0x200003fc   Data          64  stm32f429i_discovery_lcd.o(.bss)
    PeriphClkInitStruct                      0x2000043c   Data          48  stm32f429i_discovery_lcd.o(.bss)
    DrawProp                                 0x2000046c   Data          24  stm32f429i_discovery_lcd.o(.bss)
    .bss                                     0x20000484   Section      288  stm32f429i_discovery_sdram.o(.bss)
    dmaHandle                                0x20000484   Data          96  stm32f429i_discovery_sdram.o(.bss)
    dma_handle                               0x200004e4   Data          96  stm32f429i_discovery_sdram.o(.bss)
    SdramHandle                              0x20000544   Data          52  stm32f429i_discovery_sdram.o(.bss)
    Timing                                   0x20000578   Data          28  stm32f429i_discovery_sdram.o(.bss)
    Command                                  0x20000594   Data          16  stm32f429i_discovery_sdram.o(.bss)
    .bss                                     0x200005a4   Section    15840  lcd_log.o(.bss)
    STACK                                    0x20004388   Section     1024  startup_stm32f429xx.o(STACK)

    Global Symbols

    Symbol Name                              Value     Ov Type        Size  Object(Section)

    BuildAttributes$$THM_ISAv4$E$P$D$K$B$S$7EM$VFPi3$EXTD16$VFPS$VFMA$PE$A:L22UL41UL21$X:L11$S22US41US21$IEEE1$IW$USESV6$~STKCKD$USESV7$~SHL$OSPACE$ROPI$EBA8$MICROLIB$REQ8$PRES8$EABIv2 0x00000000   Number         0  anon$$obj.o ABSOLUTE
    __ARM_use_no_argv                        0x00000000   Number         0  main.o ABSOLUTE
    _printf_a                                0x00000000   Number         0  stubs.o ABSOLUTE
    _printf_c                                0x00000000   Number         0  stubs.o ABSOLUTE
    _printf_charcount                        0x00000000   Number         0  stubs.o ABSOLUTE
    _printf_d                                0x00000000   Number         0  stubs.o ABSOLUTE
    _printf_e                                0x00000000   Number         0  stubs.o ABSOLUTE
    _printf_f                                0x00000000   Number         0  stubs.o ABSOLUTE
    _printf_flags                            0x00000000   Number         0  stubs.o ABSOLUTE
    _printf_fp_dec                           0x00000000   Number         0  stubs.o ABSOLUTE
    _printf_fp_hex                           0x00000000   Number         0  stubs.o ABSOLUTE
    _printf_g                                0x00000000   Number         0  stubs.o ABSOLUTE
    _printf_i                                0x00000000   Number         0  stubs.o ABSOLUTE
    _printf_int_dec                          0x00000000   Number         0  stubs.o ABSOLUTE
    _printf_l                                0x00000000   Number         0  stubs.o ABSOLUTE
    _printf_lc                               0x00000000   Number         0  stubs.o ABSOLUTE
    _printf_ll                               0x00000000   Number         0  stubs.o ABSOLUTE
    _printf_lld                              0x00000000   Number         0  stubs.o ABSOLUTE
    _printf_lli                              0x00000000   Number         0  stubs.o ABSOLUTE
    _printf_llo                              0x00000000   Number         0  stubs.o ABSOLUTE
    _printf_llu                              0x00000000   Number         0  stubs.o ABSOLUTE
    _printf_llx                              0x00000000   Number         0  stubs.o ABSOLUTE
    _printf_longlong_dec                     0x00000000   Number         0  stubs.o ABSOLUTE
    _printf_longlong_hex                     0x00000000   Number         0  stubs.o ABSOLUTE
    _printf_longlong_oct                     0x00000000   Number         0  stubs.o ABSOLUTE
    _printf_ls                               0x00000000   Number         0  stubs.o ABSOLUTE
    _printf_mbtowc                           0x00000000   Number         0  stubs.o ABSOLUTE
    _printf_n                                0x00000000   Number         0  stubs.o ABSOLUTE
    _printf_o                                0x00000000   Number         0  stubs.o ABSOLUTE
    _printf_p                                0x00000000   Number         0  stubs.o ABSOLUTE
    _printf_percent                          0x00000000   Number         0  stubs.o ABSOLUTE
    _printf_pre_padding                      0x00000000   Number         0  stubs.o ABSOLUTE
    _printf_return_value                     0x00000000   Number         0  stubs.o ABSOLUTE
    _printf_s                                0x00000000   Number         0  stubs.o ABSOLUTE
    _printf_sizespec                         0x00000000   Number         0  stubs.o ABSOLUTE
    _printf_str                              0x00000000   Number         0  stubs.o ABSOLUTE
    _printf_truncate_signed                  0x00000000   Number         0  stubs.o ABSOLUTE
    _printf_truncate_unsigned                0x00000000   Number         0  stubs.o ABSOLUTE
    _printf_u                                0x00000000   Number         0  stubs.o ABSOLUTE
    _printf_wc                               0x00000000   Number         0  stubs.o ABSOLUTE
    _printf_wctomb                           0x00000000   Number         0  stubs.o ABSOLUTE
    _printf_widthprec                        0x00000000   Number         0  stubs.o ABSOLUTE
    _printf_x                                0x00000000   Number         0  stubs.o ABSOLUTE
    __cpp_initialize__aeabi_                  - Undefined Weak Reference
    __cxa_finalize                            - Undefined Weak Reference
    __decompress                              - Undefined Weak Reference
    _clock_init                               - Undefined Weak Reference
    _microlib_exit                            - Undefined Weak Reference
    __Vectors_Size                           0x000001ac   Number         0  startup_stm32f429xx.o ABSOLUTE
    __Vectors                                0x08000000   Data           4  startup_stm32f429xx.o(RESET)
    __Vectors_End                            0x080001ac   Data           0  startup_stm32f429xx.o(RESET)
    __main                                   0x080001ad   Thumb Code     0  entry.o(.ARM.Collect$$$$00000000)
    _main_stk                                0x080001ad   Thumb Code     0  entry2.o(.ARM.Collect$$$$00000001)
    _main_scatterload                        0x080001b1   Thumb Code     0  entry5.o(.ARM.Collect$$$$00000004)
    __main_after_scatterload                 0x080001b5   Thumb Code     0  entry5.o(.ARM.Collect$$$$00000004)
    _main_clock                              0x080001b5   Thumb Code     0  entry7b.o(.ARM.Collect$$$$00000008)
    _main_cpp_init                           0x080001b5   Thumb Code     0  entry8b.o(.ARM.Collect$$$$0000000A)
    _main_init                               0x080001b5   Thumb Code     0  entry9a.o(.ARM.Collect$$$$0000000B)
    __rt_final_cpp                           0x080001bd   Thumb Code     0  entry10a.o(.ARM.Collect$$$$0000000D)
    __rt_final_exit                          0x080001bd   Thumb Code     0  entry11a.o(.ARM.Collect$$$$0000000F)
    Reset_Handler                            0x080001c1   Thumb Code     8  startup_stm32f429xx.o(.text)
    ADC_IRQHandler                           0x080001db   Thumb Code     0  startup_stm32f429xx.o(.text)
    CAN1_RX0_IRQHandler                      0x080001db   Thumb Code     0  startup_stm32f429xx.o(.text)
    CAN1_RX1_IRQHandler                      0x080001db   Thumb Code     0  startup_stm32f429xx.o(.text)
    CAN1_SCE_IRQHandler                      0x080001db   Thumb Code     0  startup_stm32f429xx.o(.text)
    CAN1_TX_IRQHandler                       0x080001db   Thumb Code     0  startup_stm32f429xx.o(.text)
    CAN2_RX0_IRQHandler                      0x080001db   Thumb Code     0  startup_stm32f429xx.o(.text)
    CAN2_RX1_IRQHandler                      0x080001db   Thumb Code     0  startup_stm32f429xx.o(.text)
    CAN2_SCE_IRQHandler                      0x080001db   Thumb Code     0  startup_stm32f429xx.o(.text)
    CAN2_TX_IRQHandler                       0x080001db   Thumb Code     0  startup_stm32f429xx.o(.text)
    DCMI_IRQHandler                          0x080001db   Thumb Code     0  startup_stm32f429xx.o(.text)
    DMA1_Stream0_IRQHandler                  0x080001db   Thumb Code     0  startup_stm32f429xx.o(.text)
    DMA1_Stream1_IRQHandler                  0x080001db   Thumb Code     0  startup_stm32f429xx.o(.text)
    DMA1_Stream2_IRQHandler                  0x080001db   Thumb Code     0  startup_stm32f429xx.o(.text)
    DMA1_Stream3_IRQHandler                  0x080001db   Thumb Code     0  startup_stm32f429xx.o(.text)
    DMA1_Stream4_IRQHandler                  0x080001db   Thumb Code     0  startup_stm32f429xx.o(.text)
    DMA1_Stream5_IRQHandler                  0x080001db   Thumb Code     0  startup_stm32f429xx.o(.text)
    DMA1_Stream6_IRQHandler                  0x080001db   Thumb Code     0  startup_stm32f429xx.o(.text)
    DMA1_Stream7_IRQHandler                  0x080001db   Thumb Code     0  startup_stm32f429xx.o(.text)
    DMA2D_IRQHandler                         0x080001db   Thumb Code     0  startup_stm32f429xx.o(.text)
    DMA2_Stream0_IRQHandler                  0x080001db   Thumb Code     0  startup_stm32f429xx.o(.text)
    DMA2_Stream1_IRQHandler                  0x080001db   Thumb Code     0  startup_stm32f429xx.o(.text)
    DMA2_Stream2_IRQHandler                  0x080001db   Thumb Code     0  startup_stm32f429xx.o(.text)
    DMA2_Stream3_IRQHandler                  0x080001db   Thumb Code     0  startup_stm32f429xx.o(.text)
    DMA2_Stream4_IRQHandler                  0x080001db   Thumb Code     0  startup_stm32f429xx.o(.text)
    DMA2_Stream5_IRQHandler                  0x080001db   Thumb Code     0  startup_stm32f429xx.o(.text)
    DMA2_Stream6_IRQHandler                  0x080001db   Thumb Code     0  startup_stm32f429xx.o(.text)
    DMA2_Stream7_IRQHandler                  0x080001db   Thumb Code     0  startup_stm32f429xx.o(.text)
    ETH_IRQHandler                           0x080001db   Thumb Code     0  startup_stm32f429xx.o(.text)
    ETH_WKUP_IRQHandler                      0x080001db   Thumb Code     0  startup_stm32f429xx.o(.text)
    EXTI0_IRQHandler                         0x080001db   Thumb Code     0  startup_stm32f429xx.o(.text)
    EXTI15_10_IRQHandler                     0x080001db   Thumb Code     0  startup_stm32f429xx.o(.text)
    EXTI1_IRQHandler                         0x080001db   Thumb Code     0  startup_stm32f429xx.o(.text)
    EXTI2_IRQHandler                         0x080001db   Thumb Code     0  startup_stm32f429xx.o(.text)
    EXTI3_IRQHandler                         0x080001db   Thumb Code     0  startup_stm32f429xx.o(.text)
    EXTI4_IRQHandler                         0x080001db   Thumb Code     0  startup_stm32f429xx.o(.text)
    EXTI9_5_IRQHandler                       0x080001db   Thumb Code     0  startup_stm32f429xx.o(.text)
    FLASH_IRQHandler                         0x080001db   Thumb Code     0  startup_stm32f429xx.o(.text)
    FMC_IRQHandler                           0x080001db   Thumb Code     0  startup_stm32f429xx.o(.text)
    FPU_IRQHandler                           0x080001db   Thumb Code     0  startup_stm32f429xx.o(.text)
    HASH_RNG_IRQHandler                      0x080001db   Thumb Code     0  startup_stm32f429xx.o(.text)
    I2C1_ER_IRQHandler                       0x080001db   Thumb Code     0  startup_stm32f429xx.o(.text)
    I2C1_EV_IRQHandler                       0x080001db   Thumb Code     0  startup_stm32f429xx.o(.text)
    I2C2_ER_IRQHandler                       0x080001db   Thumb Code     0  startup_stm32f429xx.o(.text)
    I2C2_EV_IRQHandler                       0x080001db   Thumb Code     0  startup_stm32f429xx.o(.text)
    I2C3_ER_IRQHandler                       0x080001db   Thumb Code     0  startup_stm32f429xx.o(.text)
    I2C3_EV_IRQHandler                       0x080001db   Thumb Code     0  startup_stm32f429xx.o(.text)
    LTDC_ER_IRQHandler                       0x080001db   Thumb Code     0  startup_stm32f429xx.o(.text)
    LTDC_IRQHandler                          0x080001db   Thumb Code     0  startup_stm32f429xx.o(.text)
    OTG_FS_IRQHandler                        0x080001db   Thumb Code     0  startup_stm32f429xx.o(.text)
    OTG_FS_WKUP_IRQHandler                   0x080001db   Thumb Code     0  startup_stm32f429xx.o(.text)
    OTG_HS_EP1_IN_IRQHandler                 0x080001db   Thumb Code     0  startup_stm32f429xx.o(.text)
    OTG_HS_EP1_OUT_IRQHandler                0x080001db   Thumb Code     0  startup_stm32f429xx.o(.text)
    OTG_HS_IRQHandler                        0x080001db   Thumb Code     0  startup_stm32f429xx.o(.text)
    OTG_HS_WKUP_IRQHandler                   0x080001db   Thumb Code     0  startup_stm32f429xx.o(.text)
    PVD_IRQHandler                           0x080001db   Thumb Code     0  startup_stm32f429xx.o(.text)
    RCC_IRQHandler                           0x080001db   Thumb Code     0  startup_stm32f429xx.o(.text)
    RTC_Alarm_IRQHandler                     0x080001db   Thumb Code     0  startup_stm32f429xx.o(.text)
    RTC_WKUP_IRQHandler                      0x080001db   Thumb Code     0  startup_stm32f429xx.o(.text)
    SAI1_IRQHandler                          0x080001db   Thumb Code     0  startup_stm32f429xx.o(.text)
    SDIO_IRQHandler                          0x080001db   Thumb Code     0  startup_stm32f429xx.o(.text)
    SPI1_IRQHandler                          0x080001db   Thumb Code     0  startup_stm32f429xx.o(.text)
    SPI2_IRQHandler                          0x080001db   Thumb Code     0  startup_stm32f429xx.o(.text)
    SPI3_IRQHandler                          0x080001db   Thumb Code     0  startup_stm32f429xx.o(.text)
    SPI4_IRQHandler                          0x080001db   Thumb Code     0  startup_stm32f429xx.o(.text)
    SPI5_IRQHandler                          0x080001db   Thumb Code     0  startup_stm32f429xx.o(.text)
    SPI6_IRQHandler                          0x080001db   Thumb Code     0  startup_stm32f429xx.o(.text)
    TAMP_STAMP_IRQHandler                    0x080001db   Thumb Code     0  startup_stm32f429xx.o(.text)
    TIM1_BRK_TIM9_IRQHandler                 0x080001db   Thumb Code     0  startup_stm32f429xx.o(.text)
    TIM1_CC_IRQHandler                       0x080001db   Thumb Code     0  startup_stm32f429xx.o(.text)
    TIM1_TRG_COM_TIM11_IRQHandler            0x080001db   Thumb Code     0  startup_stm32f429xx.o(.text)
    TIM1_UP_TIM10_IRQHandler                 0x080001db   Thumb Code     0  startup_stm32f429xx.o(.text)
    TIM2_IRQHandler                          0x080001db   Thumb Code     0  startup_stm32f429xx.o(.text)
    TIM3_IRQHandler                          0x080001db   Thumb Code     0  startup_stm32f429xx.o(.text)
    TIM4_IRQHandler                          0x080001db   Thumb Code     0  startup_stm32f429xx.o(.text)
    TIM5_IRQHandler                          0x080001db   Thumb Code     0  startup_stm32f429xx.o(.text)
    TIM6_DAC_IRQHandler                      0x080001db   Thumb Code     0  startup_stm32f429xx.o(.text)
    TIM7_IRQHandler                          0x080001db   Thumb Code     0  startup_stm32f429xx.o(.text)
    TIM8_BRK_TIM12_IRQHandler                0x080001db   Thumb Code     0  startup_stm32f429xx.o(.text)
    TIM8_CC_IRQHandler                       0x080001db   Thumb Code     0  startup_stm32f429xx.o(.text)
    TIM8_TRG_COM_TIM14_IRQHandler            0x080001db   Thumb Code     0  startup_stm32f429xx.o(.text)
    TIM8_UP_TIM13_IRQHandler                 0x080001db   Thumb Code     0  startup_stm32f429xx.o(.text)
    UART4_IRQHandler                         0x080001db   Thumb Code     0  startup_stm32f429xx.o(.text)
    UART5_IRQHandler                         0x080001db   Thumb Code     0  startup_stm32f429xx.o(.text)
    UART7_IRQHandler                         0x080001db   Thumb Code     0  startup_stm32f429xx.o(.text)
    UART8_IRQHandler                         0x080001db   Thumb Code     0  startup_stm32f429xx.o(.text)
    USART1_IRQHandler                        0x080001db   Thumb Code     0  startup_stm32f429xx.o(.text)
    USART2_IRQHandler                        0x080001db   Thumb Code     0  startup_stm32f429xx.o(.text)
    USART3_IRQHandler                        0x080001db   Thumb Code     0  startup_stm32f429xx.o(.text)
    USART6_IRQHandler                        0x080001db   Thumb Code     0  startup_stm32f429xx.o(.text)
    WWDG_IRQHandler                          0x080001db   Thumb Code     0  startup_stm32f429xx.o(.text)
    __aeabi_uldivmod                         0x080001e5   Thumb Code    98  uldiv.o(.text)
    __aeabi_memcpy                           0x08000247   Thumb Code    36  memcpya.o(.text)
    __aeabi_memcpy4                          0x08000247   Thumb Code     0  memcpya.o(.text)
    __aeabi_memcpy8                          0x08000247   Thumb Code     0  memcpya.o(.text)
    __aeabi_memset                           0x0800026b   Thumb Code    14  memseta.o(.text)
    __aeabi_memset4                          0x0800026b   Thumb Code     0  memseta.o(.text)
    __aeabi_memset8                          0x0800026b   Thumb Code     0  memseta.o(.text)
    __aeabi_memclr                           0x08000279   Thumb Code     4  memseta.o(.text)
    __aeabi_memclr4                          0x08000279   Thumb Code     0  memseta.o(.text)
    __aeabi_memclr8                          0x08000279   Thumb Code     0  memseta.o(.text)
    _memset$wrapper                          0x0800027d   Thumb Code    18  memseta.o(.text)
    __aeabi_uidiv                            0x0800028f   Thumb Code     0  uidiv.o(.text)
    __aeabi_uidivmod                         0x0800028f   Thumb Code    44  uidiv.o(.text)
    __aeabi_llsl                             0x080002bb   Thumb Code    30  llshl.o(.text)
    _ll_shift_l                              0x080002bb   Thumb Code     0  llshl.o(.text)
    __aeabi_llsr                             0x080002d9   Thumb Code    32  llushr.o(.text)
    _ll_ushift_r                             0x080002d9   Thumb Code     0  llushr.o(.text)
    __scatterload                            0x080002f9   Thumb Code    28  init.o(.text)
    __scatterload_rt2                        0x080002f9   Thumb Code     0  init.o(.text)
    BSP_LCD_Clear                            0x0800031d   Thumb Code    50  stm32f429i_discovery_lcd.o(i.BSP_LCD_Clear)
    BSP_LCD_DisplayChar                      0x08000359   Thumb Code    44  stm32f429i_discovery_lcd.o(i.BSP_LCD_DisplayChar)
    BSP_LCD_DisplayStringAt                  0x0800038d   Thumb Code   188  stm32f429i_discovery_lcd.o(i.BSP_LCD_DisplayStringAt)
    BSP_LCD_DisplayStringAtLine              0x08000451   Thumb Code    28  stm32f429i_discovery_lcd.o(i.BSP_LCD_DisplayStringAtLine)
    BSP_LCD_DrawPixel                        0x0800046d   Thumb Code    42  stm32f429i_discovery_lcd.o(i.BSP_LCD_DrawPixel)
    BSP_LCD_FillRect                         0x080004a1   Thumb Code    96  stm32f429i_discovery_lcd.o(i.BSP_LCD_FillRect)
    BSP_LCD_GetFont                          0x08000509   Thumb Code    18  stm32f429i_discovery_lcd.o(i.BSP_LCD_GetFont)
    BSP_LCD_GetXSize                         0x08000525   Thumb Code     8  stm32f429i_discovery_lcd.o(i.BSP_LCD_GetXSize)
    BSP_LCD_GetYSize                         0x08000531   Thumb Code     8  stm32f429i_discovery_lcd.o(i.BSP_LCD_GetYSize)
    BSP_LCD_Init                             0x0800053d   Thumb Code   130  stm32f429i_discovery_lcd.o(i.BSP_LCD_Init)
    BSP_LCD_LayerDefaultInit                 0x080005d1   Thumb Code   116  stm32f429i_discovery_lcd.o(i.BSP_LCD_LayerDefaultInit)
    BSP_LCD_MspInit                          0x08000651   Thumb Code   270  stm32f429i_discovery_lcd.o(i.BSP_LCD_MspInit)
    BSP_LCD_SelectLayer                      0x0800077d   Thumb Code     6  stm32f429i_discovery_lcd.o(i.BSP_LCD_SelectLayer)
    BSP_LCD_SetBackColor                     0x08000789   Thumb Code    18  stm32f429i_discovery_lcd.o(i.BSP_LCD_SetBackColor)
    BSP_LCD_SetFont                          0x080007a5   Thumb Code    18  stm32f429i_discovery_lcd.o(i.BSP_LCD_SetFont)
    BSP_LCD_SetTextColor                     0x080007c1   Thumb Code    16  stm32f429i_discovery_lcd.o(i.BSP_LCD_SetTextColor)
    BSP_LCD_SetTransparency                  0x080007d9   Thumb Code     8  stm32f429i_discovery_lcd.o(i.BSP_LCD_SetTransparency)
    BSP_SDRAM_Init                           0x080007e5   Thumb Code   106  stm32f429i_discovery_sdram.o(i.BSP_SDRAM_Init)
    BSP_SDRAM_Initialization_sequence        0x0800085d   Thumb Code   132  stm32f429i_discovery_sdram.o(i.BSP_SDRAM_Initialization_sequence)
    BSP_SDRAM_MspInit                        0x080008e5   Thumb Code   320  stm32f429i_discovery_sdram.o(i.BSP_SDRAM_MspInit)
    BusFault_Handler                         0x08000a49   Thumb Code     2  stm32f4xx_it.o(i.BusFault_Handler)
    DebugMon_Handler                         0x08000b5d   Thumb Code     2  stm32f4xx_it.o(i.DebugMon_Handler)
    FMC_SDRAM_Init                           0x08000c15   Thumb Code    80  stm32f4xx_ll_fmc.o(i.FMC_SDRAM_Init)
    FMC_SDRAM_ProgramRefreshRate             0x08000c65   Thumb Code    12  stm32f4xx_ll_fmc.o(i.FMC_SDRAM_ProgramRefreshRate)
    FMC_SDRAM_SendCommand                    0x08000c71   Thumb Code    72  stm32f4xx_ll_fmc.o(i.FMC_SDRAM_SendCommand)
    FMC_SDRAM_Timing_Init                    0x08000cb9   Thumb Code   124  stm32f4xx_ll_fmc.o(i.FMC_SDRAM_Timing_Init)
    HAL_DMA2D_ConfigLayer                    0x08000d99   Thumb Code   158  stm32f4xx_hal_dma2d.o(i.HAL_DMA2D_ConfigLayer)
    HAL_DMA2D_Init                           0x08000e3d   Thumb Code    90  stm32f4xx_hal_dma2d.o(i.HAL_DMA2D_Init)
    HAL_DMA2D_MspInit                        0x08000e99   Thumb Code    30  stm32f4xx_hal_msp.o(i.HAL_DMA2D_MspInit)
    HAL_DMA2D_PollForTransfer                0x08000ec1   Thumb Code   272  stm32f4xx_hal_dma2d.o(i.HAL_DMA2D_PollForTransfer)
    HAL_DMA2D_Start                          0x08000fd1   Thumb Code    52  stm32f4xx_hal_dma2d.o(i.HAL_DMA2D_Start)
    HAL_DMA_DeInit                           0x08001005   Thumb Code    98  stm32f4xx_hal_dma.o(i.HAL_DMA_DeInit)
    HAL_DMA_Init                             0x08001069   Thumb Code   206  stm32f4xx_hal_dma.o(i.HAL_DMA_Init)
    HAL_Delay                                0x0800113d   Thumb Code    32  stm32f4xx_hal.o(i.HAL_Delay)
    HAL_GPIO_DeInit                          0x0800123d   Thumb Code   348  stm32f4xx_hal_gpio.o(i.HAL_GPIO_DeInit)
    HAL_GPIO_Init                            0x080013c9   Thumb Code   414  stm32f4xx_hal_gpio.o(i.HAL_GPIO_Init)
    HAL_GPIO_WritePin                        0x0800159d   Thumb Code    10  stm32f4xx_hal_gpio.o(i.HAL_GPIO_WritePin)
    HAL_GetTick                              0x080015a9   Thumb Code     6  stm32f4xx_hal.o(i.HAL_GetTick)
    HAL_I2CEx_ConfigAnalogFilter             0x080015b5   Thumb Code    66  stm32f4xx_hal_i2c_ex.o(i.HAL_I2CEx_ConfigAnalogFilter)
    HAL_I2CEx_ConfigDigitalFilter            0x080015f7   Thumb Code    62  stm32f4xx_hal_i2c_ex.o(i.HAL_I2CEx_ConfigDigitalFilter)
    HAL_I2C_Init                             0x08001635   Thumb Code   376  stm32f4xx_hal_i2c.o(i.HAL_I2C_Init)
    HAL_I2C_MspInit                          0x080017bd   Thumb Code   118  stm32f4xx_hal_msp.o(i.HAL_I2C_MspInit)
    HAL_IncTick                              0x08001845   Thumb Code    12  stm32f4xx_hal.o(i.HAL_IncTick)
    HAL_Init                                 0x08001855   Thumb Code    48  stm32f4xx_hal.o(i.HAL_Init)
    HAL_InitTick                             0x08001889   Thumb Code    54  stm32f4xx_hal.o(i.HAL_InitTick)
    HAL_LTDC_ConfigLayer                     0x080018c9   Thumb Code    82  stm32f4xx_hal_ltdc.o(i.HAL_LTDC_ConfigLayer)
    HAL_LTDC_EnableDither                    0x0800191d   Thumb Code    42  stm32f4xx_hal_ltdc.o(i.HAL_LTDC_EnableDither)
    HAL_LTDC_Init                            0x0800194d   Thumb Code   238  stm32f4xx_hal_ltdc.o(i.HAL_LTDC_Init)
    HAL_LTDC_MspInit                         0x08001a41   Thumb Code   340  stm32f4xx_hal_msp.o(i.HAL_LTDC_MspInit)
    HAL_LTDC_SetAlpha                        0x08001bb5   Thumb Code    68  stm32f4xx_hal_ltdc.o(i.HAL_LTDC_SetAlpha)
    HAL_MspInit                              0x08001bf9   Thumb Code    48  stm32f4xx_hal_msp.o(i.HAL_MspInit)
    HAL_NVIC_EnableIRQ                       0x08001c2d   Thumb Code    26  stm32f4xx_hal_cortex.o(i.HAL_NVIC_EnableIRQ)
    HAL_NVIC_SetPriority                     0x08001c49   Thumb Code    60  stm32f4xx_hal_cortex.o(i.HAL_NVIC_SetPriority)
    HAL_NVIC_SetPriorityGrouping             0x08001c89   Thumb Code    26  stm32f4xx_hal_cortex.o(i.HAL_NVIC_SetPriorityGrouping)
    HAL_PWREx_EnableOverDrive                0x08001cad   Thumb Code    98  stm32f4xx_hal_pwr_ex.o(i.HAL_PWREx_EnableOverDrive)
    HAL_RCCEx_PeriphCLKConfig                0x08001d1d   Thumb Code   560  stm32f4xx_hal_rcc_ex.o(i.HAL_RCCEx_PeriphCLKConfig)
    HAL_RCC_ClockConfig                      0x08001f71   Thumb Code   288  stm32f4xx_hal_rcc.o(i.HAL_RCC_ClockConfig)
    HAL_RCC_GetPCLK1Freq                     0x080020a5   Thumb Code    20  stm32f4xx_hal_rcc.o(i.HAL_RCC_GetPCLK1Freq)
    HAL_RCC_GetPCLK2Freq                     0x080020c5   Thumb Code    20  stm32f4xx_hal_rcc.o(i.HAL_RCC_GetPCLK2Freq)
    HAL_RCC_GetSysClockFreq                  0x080020e5   Thumb Code    88  stm32f4xx_hal_rcc.o(i.HAL_RCC_GetSysClockFreq)
    HAL_RCC_OscConfig                        0x08002145   Thumb Code   840  stm32f4xx_hal_rcc.o(i.HAL_RCC_OscConfig)
    HAL_SDRAM_Init                           0x080024a1   Thumb Code    66  stm32f4xx_hal_sdram.o(i.HAL_SDRAM_Init)
    HAL_SDRAM_MspInit                        0x080024e3   Thumb Code     4  stm32f4xx_hal_msp.o(i.HAL_SDRAM_MspInit)
    HAL_SDRAM_ProgramRefreshRate             0x080024e7   Thumb Code    34  stm32f4xx_hal_sdram.o(i.HAL_SDRAM_ProgramRefreshRate)
    HAL_SDRAM_SendCommand                    0x08002509   Thumb Code    48  stm32f4xx_hal_sdram.o(i.HAL_SDRAM_SendCommand)
    HAL_SPI_DeInit                           0x08002539   Thumb Code    46  stm32f4xx_hal_spi.o(i.HAL_SPI_DeInit)
    HAL_SPI_GetState                         0x08002567   Thumb Code     6  stm32f4xx_hal_spi.o(i.HAL_SPI_GetState)
    HAL_SPI_Init                             0x0800256d   Thumb Code   128  stm32f4xx_hal_spi.o(i.HAL_SPI_Init)
    HAL_SPI_MspDeInit                        0x080025ed   Thumb Code    30  stm32f4xx_hal_msp.o(i.HAL_SPI_MspDeInit)
    HAL_SPI_MspInit                          0x08002619   Thumb Code    94  stm32f4xx_hal_msp.o(i.HAL_SPI_MspInit)
    HAL_SPI_Receive                          0x08002685   Thumb Code   336  stm32f4xx_hal_spi.o(i.HAL_SPI_Receive)
    HAL_SPI_Transmit                         0x080027d5   Thumb Code   348  stm32f4xx_hal_spi.o(i.HAL_SPI_Transmit)
    HAL_SPI_TransmitReceive                  0x08002931   Thumb Code   482  stm32f4xx_hal_spi.o(i.HAL_SPI_TransmitReceive)
    HAL_SYSTICK_Config                       0x08002b13   Thumb Code    40  stm32f4xx_hal_cortex.o(i.HAL_SYSTICK_Config)
    HAL_UART_Init                            0x08002b3b   Thumb Code    98  stm32f4xx_hal_uart.o(i.HAL_UART_Init)
    HAL_UART_MspInit                         0x08002b9d   Thumb Code    94  stm32f4xx_hal_msp.o(i.HAL_UART_MspInit)
    HardFault_Handler                        0x08002c09   Thumb Code     2  stm32f4xx_it.o(i.HardFault_Handler)
    LCD_Delay                                0x08002c0b   Thumb Code     4  stm32f429i_discovery.o(i.LCD_Delay)
    LCD_IO_Init                              0x08002c11   Thumb Code   150  stm32f429i_discovery.o(i.LCD_IO_Init)
    LCD_IO_ReadData                          0x08002cb9   Thumb Code    92  stm32f429i_discovery.o(i.LCD_IO_ReadData)
    LCD_IO_WriteData                         0x08002d25   Thumb Code    46  stm32f429i_discovery.o(i.LCD_IO_WriteData)
    LCD_IO_WriteReg                          0x08002d5d   Thumb Code    48  stm32f429i_discovery.o(i.LCD_IO_WriteReg)
    LCD_LOG_DeInit                           0x08002d95   Thumb Code    34  lcd_log.o(i.LCD_LOG_DeInit)
    LCD_LOG_Init                             0x08002dbd   Thumb Code    18  lcd_log.o(i.LCD_LOG_Init)
    LCD_LOG_SetFooter                        0x08002dd1   Thumb Code   110  lcd_log.o(i.LCD_LOG_SetFooter)
    LCD_LOG_SetHeader                        0x08002e49   Thumb Code    90  lcd_log.o(i.LCD_LOG_SetHeader)
    LCD_LOG_UpdateDisplay                    0x08002ead   Thumb Code   124  lcd_log.o(i.LCD_LOG_UpdateDisplay)
    MemManage_Handler                        0x0800332d   Thumb Code     2  stm32f4xx_it.o(i.MemManage_Handler)
    NMI_Handler                              0x0800332f   Thumb Code     2  stm32f4xx_it.o(i.NMI_Handler)
    PendSV_Handler                           0x08003331   Thumb Code     2  stm32f4xx_it.o(i.PendSV_Handler)
    SVC_Handler                              0x08003551   Thumb Code     2  stm32f4xx_it.o(i.SVC_Handler)
    SysTick_Handler                          0x08003553   Thumb Code     4  stm32f4xx_it.o(i.SysTick_Handler)
    SystemClock_Config                       0x08003559   Thumb Code   184  main.o(i.SystemClock_Config)
    SystemInit                               0x08003619   Thumb Code    22  system_stm32f4xx.o(i.SystemInit)
    UsageFault_Handler                       0x0800375d   Thumb Code     2  stm32f4xx_it.o(i.UsageFault_Handler)
    __0printf$1                              0x08003761   Thumb Code    22  printf1.o(i.__0printf$1)
    __1printf$1                              0x08003761   Thumb Code     0  printf1.o(i.__0printf$1)
    __2printf                                0x08003761   Thumb Code     0  printf1.o(i.__0printf$1)
    __scatterload_copy                       0x080037a1   Thumb Code    14  handlers.o(i.__scatterload_copy)
    __scatterload_null                       0x080037af   Thumb Code     2  handlers.o(i.__scatterload_null)
    __scatterload_zeroinit                   0x080037b1   Thumb Code    14  handlers.o(i.__scatterload_zeroinit)
    fputc                                    0x08003915   Thumb Code   252  lcd_log.o(i.fputc)
    ili9341_DisplayOff                       0x08003a19   Thumb Code     6  ili9341.o(i.ili9341_DisplayOff)
    ili9341_DisplayOn                        0x08003a1f   Thumb Code     6  ili9341.o(i.ili9341_DisplayOn)
    ili9341_GetLcdPixelHeight                0x08003a25   Thumb Code     6  ili9341.o(i.ili9341_GetLcdPixelHeight)
    ili9341_GetLcdPixelWidth                 0x08003a2b   Thumb Code     4  ili9341.o(i.ili9341_GetLcdPixelWidth)
    ili9341_Init                             0x08003a2f   Thumb Code   658  ili9341.o(i.ili9341_Init)
    ili9341_ReadID                           0x08003cc1   Thumb Code    18  ili9341.o(i.ili9341_ReadID)
    initAll                                  0x08003cd5   Thumb Code    62  init_all.o(i.initAll)
    main                                     0x08003d75   Thumb Code   116  main.o(i.main)
    AHBPrescTable                            0x08003e10   Data          16  system_stm32f4xx.o(.constdata)
    APBPrescTable                            0x08003e20   Data           8  system_stm32f4xx.o(.constdata)
    Font24_Table                             0x08003e28   Data        6840  stm32f429i_discovery_lcd.o(.constdata)
    Font12_Table                             0x080058e0   Data        1140  stm32f429i_discovery_lcd.o(.constdata)
    Region$$Table$$Base                      0x08005d54   Number         0  anon$$obj.o(Region$$Table)
    Region$$Table$$Limit                     0x08005d74   Number         0  anon$$obj.o(Region$$Table)
    i                                        0x20000000   Data           1  main.o(.data)
    uwTickFreq                               0x2000000c   Data           1  stm32f4xx_hal.o(.data)
    uwTickPrio                               0x20000010   Data           4  stm32f4xx_hal.o(.data)
    uwTick                                   0x20000014   Data           4  stm32f4xx_hal.o(.data)
    SystemCoreClock                          0x20000018   Data           4  system_stm32f4xx.o(.data)
    BUTTON_PORT                              0x20000020   Data           4  stm32f429i_discovery.o(.data)
    I2cxTimeout                              0x20000024   Data           4  stm32f429i_discovery.o(.data)
    SpixTimeout                              0x20000028   Data           4  stm32f429i_discovery.o(.data)
    GPIO_PORT                                0x2000002c   Data           8  stm32f429i_discovery.o(.data)
    LcdDrv                                   0x20000038   Data           4  stm32f429i_discovery_lcd.o(.data)
    Font24                                   0x2000003c   Data           8  stm32f429i_discovery_lcd.o(.data)
    Font12                                   0x20000044   Data           8  stm32f429i_discovery_lcd.o(.data)
    ili9341_drv                              0x20000050   Data          56  ili9341.o(.data)
    LCD_CacheBuffer_yptr_invert              0x20000088   Data           1  lcd_log.o(.data)
    LCD_ScrollActive                         0x20000089   Data           1  lcd_log.o(.data)
    LCD_Lock                                 0x2000008a   Data           1  lcd_log.o(.data)
    LCD_Scrolled                             0x2000008b   Data           1  lcd_log.o(.data)
    LCD_CacheBuffer_xptr                     0x2000008c   Data           2  lcd_log.o(.data)
    LCD_CacheBuffer_yptr_top                 0x2000008e   Data           2  lcd_log.o(.data)
    LCD_CacheBuffer_yptr_bottom              0x20000090   Data           2  lcd_log.o(.data)
    LCD_CacheBuffer_yptr_top_bak             0x20000092   Data           2  lcd_log.o(.data)
    LCD_CacheBuffer_yptr_bottom_bak          0x20000094   Data           2  lcd_log.o(.data)
    LCD_ScrollBackStep                       0x20000096   Data           2  lcd_log.o(.data)
    LCD_LineColor                            0x20000098   Data           4  lcd_log.o(.data)
    __stdout                                 0x2000009c   Data           4  stdout.o(.data)
    hdma2d                                   0x200000a0   Data          64  main.o(.bss)
    hi2c3                                    0x200000e0   Data          84  main.o(.bss)
    hltdc                                    0x20000134   Data         168  main.o(.bss)
    hspi5                                    0x200001dc   Data          88  main.o(.bss)
    huart1                                   0x20000234   Data          64  main.o(.bss)
    hsdram1                                  0x20000274   Data          52  main.o(.bss)
    I2cHandle                                0x200002a8   Data          84  stm32f429i_discovery.o(.bss)
    LtdcHandler                              0x20000354   Data         168  stm32f429i_discovery_lcd.o(.bss)
    LCD_CacheBuffer                          0x200005a4   Data       15840  lcd_log.o(.bss)
    __initial_sp                             0x20004788   Data           0  startup_stm32f429xx.o(STACK)



==============================================================================

Memory Map of the image

  Image Entry point : 0x080001ad

  Load Region LR_IROM1 (Base: 0x08000000, Size: 0x00005e14, Max: 0x00200000, ABSOLUTE)

    Execution Region ER_IROM1 (Exec base: 0x08000000, Load base: 0x08000000, Size: 0x00005d74, Max: 0x00200000, ABSOLUTE)

    Exec Addr    Load Addr    Size         Type   Attr      Idx    E Section Name        Object

    0x08000000   0x08000000   0x000001ac   Data   RO            3    RESET               startup_stm32f429xx.o
    0x080001ac   0x080001ac   0x00000000   Code   RO         4560  * .ARM.Collect$$$$00000000  mc_w.l(entry.o)
    0x080001ac   0x080001ac   0x00000004   Code   RO         4832    .ARM.Collect$$$$00000001  mc_w.l(entry2.o)
    0x080001b0   0x080001b0   0x00000004   Code   RO         4835    .ARM.Collect$$$$00000004  mc_w.l(entry5.o)
    0x080001b4   0x080001b4   0x00000000   Code   RO         4837    .ARM.Collect$$$$00000008  mc_w.l(entry7b.o)
    0x080001b4   0x080001b4   0x00000000   Code   RO         4839    .ARM.Collect$$$$0000000A  mc_w.l(entry8b.o)
    0x080001b4   0x080001b4   0x00000008   Code   RO         4840    .ARM.Collect$$$$0000000B  mc_w.l(entry9a.o)
    0x080001bc   0x080001bc   0x00000000   Code   RO         4842    .ARM.Collect$$$$0000000D  mc_w.l(entry10a.o)
    0x080001bc   0x080001bc   0x00000000   Code   RO         4844    .ARM.Collect$$$$0000000F  mc_w.l(entry11a.o)
    0x080001bc   0x080001bc   0x00000004   Code   RO         4833    .ARM.Collect$$$$00002712  mc_w.l(entry2.o)
    0x080001c0   0x080001c0   0x00000024   Code   RO            4    .text               startup_stm32f429xx.o
    0x080001e4   0x080001e4   0x00000062   Code   RO         4563    .text               mc_w.l(uldiv.o)
    0x08000246   0x08000246   0x00000024   Code   RO         4565    .text               mc_w.l(memcpya.o)
    0x0800026a   0x0800026a   0x00000024   Code   RO         4567    .text               mc_w.l(memseta.o)
    0x0800028e   0x0800028e   0x0000002c   Code   RO         4847    .text               mc_w.l(uidiv.o)
    0x080002ba   0x080002ba   0x0000001e   Code   RO         4849    .text               mc_w.l(llshl.o)
    0x080002d8   0x080002d8   0x00000020   Code   RO         4851    .text               mc_w.l(llushr.o)
    0x080002f8   0x080002f8   0x00000024   Code   RO         4864    .text               mc_w.l(init.o)
    0x0800031c   0x0800031c   0x0000003c   Code   RO         3987    i.BSP_LCD_Clear     stm32f429i_discovery_lcd.o
    0x08000358   0x08000358   0x00000034   Code   RO         3989    i.BSP_LCD_DisplayChar  stm32f429i_discovery_lcd.o
    0x0800038c   0x0800038c   0x000000c4   Code   RO         3992    i.BSP_LCD_DisplayStringAt  stm32f429i_discovery_lcd.o
    0x08000450   0x08000450   0x0000001c   Code   RO         3993    i.BSP_LCD_DisplayStringAtLine  stm32f429i_discovery_lcd.o
    0x0800046c   0x0800046c   0x00000034   Code   RO         3999    i.BSP_LCD_DrawPixel  stm32f429i_discovery_lcd.o
    0x080004a0   0x080004a0   0x00000068   Code   RO         4006    i.BSP_LCD_FillRect  stm32f429i_discovery_lcd.o
    0x08000508   0x08000508   0x0000001c   Code   RO         4009    i.BSP_LCD_GetFont   stm32f429i_discovery_lcd.o
    0x08000524   0x08000524   0x0000000c   Code   RO         4011    i.BSP_LCD_GetXSize  stm32f429i_discovery_lcd.o
    0x08000530   0x08000530   0x0000000c   Code   RO         4012    i.BSP_LCD_GetYSize  stm32f429i_discovery_lcd.o
    0x0800053c   0x0800053c   0x00000094   Code   RO         4013    i.BSP_LCD_Init      stm32f429i_discovery_lcd.o
    0x080005d0   0x080005d0   0x00000080   Code   RO         4014    i.BSP_LCD_LayerDefaultInit  stm32f429i_discovery_lcd.o
    0x08000650   0x08000650   0x0000012c   Code   RO         4015    i.BSP_LCD_MspInit   stm32f429i_discovery_lcd.o
    0x0800077c   0x0800077c   0x0000000c   Code   RO         4020    i.BSP_LCD_SelectLayer  stm32f429i_discovery_lcd.o
    0x08000788   0x08000788   0x0000001c   Code   RO         4021    i.BSP_LCD_SetBackColor  stm32f429i_discovery_lcd.o
    0x080007a4   0x080007a4   0x0000001c   Code   RO         4024    i.BSP_LCD_SetFont   stm32f429i_discovery_lcd.o
    0x080007c0   0x080007c0   0x00000018   Code   RO         4031    i.BSP_LCD_SetTextColor  stm32f429i_discovery_lcd.o
    0x080007d8   0x080007d8   0x0000000c   Code   RO         4032    i.BSP_LCD_SetTransparency  stm32f429i_discovery_lcd.o
    0x080007e4   0x080007e4   0x00000078   Code   RO         4332    i.BSP_SDRAM_Init    stm32f429i_discovery_sdram.o
    0x0800085c   0x0800085c   0x00000088   Code   RO         4333    i.BSP_SDRAM_Initialization_sequence  stm32f429i_discovery_sdram.o
    0x080008e4   0x080008e4   0x00000164   Code   RO         4335    i.BSP_SDRAM_MspInit  stm32f429i_discovery_sdram.o
    0x08000a48   0x08000a48   0x00000002   Code   RO          229    i.BusFault_Handler  stm32f4xx_it.o
    0x08000a4a   0x08000a4a   0x00000096   Code   RO          566    i.DMA2D_SetConfig   stm32f4xx_hal_dma2d.o
    0x08000ae0   0x08000ae0   0x00000028   Code   RO         1286    i.DMA_CalcBaseAndBitshift  stm32f4xx_hal_dma.o
    0x08000b08   0x08000b08   0x00000054   Code   RO         1287    i.DMA_CheckFifoParam  stm32f4xx_hal_dma.o
    0x08000b5c   0x08000b5c   0x00000002   Code   RO          230    i.DebugMon_Handler  stm32f4xx_it.o
    0x08000b5e   0x08000b5e   0x00000002   PAD
    0x08000b60   0x08000b60   0x000000b4   Code   RO         4035    i.DrawChar          stm32f429i_discovery_lcd.o
    0x08000c14   0x08000c14   0x00000050   Code   RO         2009    i.FMC_SDRAM_Init    stm32f4xx_ll_fmc.o
    0x08000c64   0x08000c64   0x0000000c   Code   RO         2010    i.FMC_SDRAM_ProgramRefreshRate  stm32f4xx_ll_fmc.o
    0x08000c70   0x08000c70   0x00000048   Code   RO         2011    i.FMC_SDRAM_SendCommand  stm32f4xx_ll_fmc.o
    0x08000cb8   0x08000cb8   0x00000080   Code   RO         2013    i.FMC_SDRAM_Timing_Init  stm32f4xx_ll_fmc.o
    0x08000d38   0x08000d38   0x00000060   Code   RO         4036    i.FillBuffer        stm32f429i_discovery_lcd.o
    0x08000d98   0x08000d98   0x000000a4   Code   RO          580    i.HAL_DMA2D_ConfigLayer  stm32f4xx_hal_dma2d.o
    0x08000e3c   0x08000e3c   0x0000005a   Code   RO          588    i.HAL_DMA2D_Init    stm32f4xx_hal_dma2d.o
    0x08000e96   0x08000e96   0x00000002   PAD
    0x08000e98   0x08000e98   0x00000028   Code   RO          440    i.HAL_DMA2D_MspInit  stm32f4xx_hal_msp.o
    0x08000ec0   0x08000ec0   0x00000110   Code   RO          592    i.HAL_DMA2D_PollForTransfer  stm32f4xx_hal_dma2d.o
    0x08000fd0   0x08000fd0   0x00000034   Code   RO          595    i.HAL_DMA2D_Start   stm32f4xx_hal_dma2d.o
    0x08001004   0x08001004   0x00000062   Code   RO         1291    i.HAL_DMA_DeInit    stm32f4xx_hal_dma.o
    0x08001066   0x08001066   0x00000002   PAD
    0x08001068   0x08001068   0x000000d4   Code   RO         1295    i.HAL_DMA_Init      stm32f4xx_hal_dma.o
    0x0800113c   0x0800113c   0x00000024   Code   RO         1726    i.HAL_Delay         stm32f4xx_hal.o
    0x08001160   0x08001160   0x000000dc   Code   RO          441    i.HAL_FMC_MspInit   stm32f4xx_hal_msp.o
    0x0800123c   0x0800123c   0x0000018c   Code   RO         1179    i.HAL_GPIO_DeInit   stm32f4xx_hal_gpio.o
    0x080013c8   0x080013c8   0x000001d4   Code   RO         1182    i.HAL_GPIO_Init     stm32f4xx_hal_gpio.o
    0x0800159c   0x0800159c   0x0000000a   Code   RO         1186    i.HAL_GPIO_WritePin  stm32f4xx_hal_gpio.o
    0x080015a6   0x080015a6   0x00000002   PAD
    0x080015a8   0x080015a8   0x0000000c   Code   RO         1734    i.HAL_GetTick       stm32f4xx_hal.o
    0x080015b4   0x080015b4   0x00000042   Code   RO         2752    i.HAL_I2CEx_ConfigAnalogFilter  stm32f4xx_hal_i2c_ex.o
    0x080015f6   0x080015f6   0x0000003e   Code   RO         2753    i.HAL_I2CEx_ConfigDigitalFilter  stm32f4xx_hal_i2c_ex.o
    0x08001634   0x08001634   0x00000188   Code   RO         2336    i.HAL_I2C_Init      stm32f4xx_hal_i2c.o
    0x080017bc   0x080017bc   0x00000088   Code   RO          443    i.HAL_I2C_MspInit   stm32f4xx_hal_msp.o
    0x08001844   0x08001844   0x00000010   Code   RO         1740    i.HAL_IncTick       stm32f4xx_hal.o
    0x08001854   0x08001854   0x00000034   Code   RO         1741    i.HAL_Init          stm32f4xx_hal.o
    0x08001888   0x08001888   0x00000040   Code   RO         1742    i.HAL_InitTick      stm32f4xx_hal.o
    0x080018c8   0x080018c8   0x00000052   Code   RO         2785    i.HAL_LTDC_ConfigLayer  stm32f4xx_hal_ltdc.o
    0x0800191a   0x0800191a   0x00000002   PAD
    0x0800191c   0x0800191c   0x00000030   Code   RO         2797    i.HAL_LTDC_EnableDither  stm32f4xx_hal_ltdc.o
    0x0800194c   0x0800194c   0x000000f4   Code   RO         2802    i.HAL_LTDC_Init     stm32f4xx_hal_ltdc.o
    0x08001a40   0x08001a40   0x00000174   Code   RO          445    i.HAL_LTDC_MspInit  stm32f4xx_hal_msp.o
    0x08001bb4   0x08001bb4   0x00000044   Code   RO         2811    i.HAL_LTDC_SetAlpha  stm32f4xx_hal_ltdc.o
    0x08001bf8   0x08001bf8   0x00000034   Code   RO          446    i.HAL_MspInit       stm32f4xx_hal_msp.o
    0x08001c2c   0x08001c2c   0x0000001a   Code   RO         1589    i.HAL_NVIC_EnableIRQ  stm32f4xx_hal_cortex.o
    0x08001c46   0x08001c46   0x00000002   PAD
    0x08001c48   0x08001c48   0x00000040   Code   RO         1595    i.HAL_NVIC_SetPriority  stm32f4xx_hal_cortex.o
    0x08001c88   0x08001c88   0x00000024   Code   RO         1596    i.HAL_NVIC_SetPriorityGrouping  stm32f4xx_hal_cortex.o
    0x08001cac   0x08001cac   0x00000070   Code   RO         1518    i.HAL_PWREx_EnableOverDrive  stm32f4xx_hal_pwr_ex.o
    0x08001d1c   0x08001d1c   0x00000254   Code   RO          883    i.HAL_RCCEx_PeriphCLKConfig  stm32f4xx_hal_rcc_ex.o
    0x08001f70   0x08001f70   0x00000134   Code   RO          776    i.HAL_RCC_ClockConfig  stm32f4xx_hal_rcc.o
    0x080020a4   0x080020a4   0x00000020   Code   RO          783    i.HAL_RCC_GetPCLK1Freq  stm32f4xx_hal_rcc.o
    0x080020c4   0x080020c4   0x00000020   Code   RO          784    i.HAL_RCC_GetPCLK2Freq  stm32f4xx_hal_rcc.o
    0x080020e4   0x080020e4   0x00000060   Code   RO          785    i.HAL_RCC_GetSysClockFreq  stm32f4xx_hal_rcc.o
    0x08002144   0x08002144   0x0000035c   Code   RO          788    i.HAL_RCC_OscConfig  stm32f4xx_hal_rcc.o
    0x080024a0   0x080024a0   0x00000042   Code   RO         2175    i.HAL_SDRAM_Init    stm32f4xx_hal_sdram.o
    0x080024e2   0x080024e2   0x00000004   Code   RO          448    i.HAL_SDRAM_MspInit  stm32f4xx_hal_msp.o
    0x080024e6   0x080024e6   0x00000022   Code   RO         2178    i.HAL_SDRAM_ProgramRefreshRate  stm32f4xx_hal_sdram.o
    0x08002508   0x08002508   0x00000030   Code   RO         2184    i.HAL_SDRAM_SendCommand  stm32f4xx_hal_sdram.o
    0x08002538   0x08002538   0x0000002e   Code   RO         3081    i.HAL_SPI_DeInit    stm32f4xx_hal_spi.o
    0x08002566   0x08002566   0x00000006   Code   RO         3084    i.HAL_SPI_GetState  stm32f4xx_hal_spi.o
    0x0800256c   0x0800256c   0x00000080   Code   RO         3086    i.HAL_SPI_Init      stm32f4xx_hal_spi.o
    0x080025ec   0x080025ec   0x0000002c   Code   RO          449    i.HAL_SPI_MspDeInit  stm32f4xx_hal_msp.o
    0x08002618   0x08002618   0x0000006c   Code   RO          450    i.HAL_SPI_MspInit   stm32f4xx_hal_msp.o
    0x08002684   0x08002684   0x00000150   Code   RO         3089    i.HAL_SPI_Receive   stm32f4xx_hal_spi.o
    0x080027d4   0x080027d4   0x0000015c   Code   RO         3094    i.HAL_SPI_Transmit  stm32f4xx_hal_spi.o
    0x08002930   0x08002930   0x000001e2   Code   RO         3095    i.HAL_SPI_TransmitReceive  stm32f4xx_hal_spi.o
    0x08002b12   0x08002b12   0x00000028   Code   RO         1600    i.HAL_SYSTICK_Config  stm32f4xx_hal_cortex.o
    0x08002b3a   0x08002b3a   0x00000062   Code   RO         3458    i.HAL_UART_Init     stm32f4xx_hal_uart.o
    0x08002b9c   0x08002b9c   0x0000006c   Code   RO          452    i.HAL_UART_MspInit  stm32f4xx_hal_msp.o
    0x08002c08   0x08002c08   0x00000002   Code   RO          231    i.HardFault_Handler  stm32f4xx_it.o
    0x08002c0a   0x08002c0a   0x00000004   Code   RO         3817    i.LCD_Delay         stm32f429i_discovery.o
    0x08002c0e   0x08002c0e   0x00000002   PAD
    0x08002c10   0x08002c10   0x000000a8   Code   RO         3818    i.LCD_IO_Init       stm32f429i_discovery.o
    0x08002cb8   0x08002cb8   0x0000006c   Code   RO         3819    i.LCD_IO_ReadData   stm32f429i_discovery.o
    0x08002d24   0x08002d24   0x00000038   Code   RO         3820    i.LCD_IO_WriteData  stm32f429i_discovery.o
    0x08002d5c   0x08002d5c   0x00000038   Code   RO         3821    i.LCD_IO_WriteReg   stm32f429i_discovery.o
    0x08002d94   0x08002d94   0x00000028   Code   RO         4478    i.LCD_LOG_DeInit    lcd_log.o
    0x08002dbc   0x08002dbc   0x00000012   Code   RO         4479    i.LCD_LOG_Init      lcd_log.o
    0x08002dce   0x08002dce   0x00000002   PAD
    0x08002dd0   0x08002dd0   0x00000078   Code   RO         4482    i.LCD_LOG_SetFooter  lcd_log.o
    0x08002e48   0x08002e48   0x00000064   Code   RO         4483    i.LCD_LOG_SetHeader  lcd_log.o
    0x08002eac   0x08002eac   0x00000084   Code   RO         4484    i.LCD_LOG_UpdateDisplay  lcd_log.o
    0x08002f30   0x08002f30   0x00000162   Code   RO         2821    i.LTDC_SetConfig    stm32f4xx_hal_ltdc.o
    0x08003092   0x08003092   0x00000002   PAD
    0x08003094   0x08003094   0x00000040   Code   RO           14    i.MX_DMA2D_Init     main.o
    0x080030d4   0x080030d4   0x0000005c   Code   RO           15    i.MX_FMC_Init       main.o
    0x08003130   0x08003130   0x0000008c   Code   RO           16    i.MX_GPIO_Init      main.o
    0x080031bc   0x080031bc   0x00000058   Code   RO           17    i.MX_I2C3_Init      main.o
    0x08003214   0x08003214   0x000000d8   Code   RO           18    i.MX_LTDC_Init      main.o
    0x080032ec   0x080032ec   0x00000040   Code   RO           19    i.MX_SPI5_Init      main.o
    0x0800332c   0x0800332c   0x00000002   Code   RO          232    i.MemManage_Handler  stm32f4xx_it.o
    0x0800332e   0x0800332e   0x00000002   Code   RO          233    i.NMI_Handler       stm32f4xx_it.o
    0x08003330   0x08003330   0x00000002   Code   RO          234    i.PendSV_Handler    stm32f4xx_it.o
    0x08003332   0x08003332   0x0000005c   Code   RO         3123    i.SPI_EndRxTransaction  stm32f4xx_hal_spi.o
    0x0800338e   0x0800338e   0x00000002   PAD
    0x08003390   0x08003390   0x00000058   Code   RO         3124    i.SPI_EndRxTxTransaction  stm32f4xx_hal_spi.o
    0x080033e8   0x080033e8   0x00000094   Code   RO         3129    i.SPI_WaitFlagStateUntilTimeout  stm32f4xx_hal_spi.o
    0x0800347c   0x0800347c   0x00000014   Code   RO         3822    i.SPIx_Error        stm32f429i_discovery.o
    0x08003490   0x08003490   0x0000009c   Code   RO         3823    i.SPIx_Init         stm32f429i_discovery.o
    0x0800352c   0x0800352c   0x00000024   Code   RO         3824    i.SPIx_Write        stm32f429i_discovery.o
    0x08003550   0x08003550   0x00000002   Code   RO          235    i.SVC_Handler       stm32f4xx_it.o
    0x08003552   0x08003552   0x00000004   Code   RO          236    i.SysTick_Handler   stm32f4xx_it.o
    0x08003556   0x08003556   0x00000002   PAD
    0x08003558   0x08003558   0x000000c0   Code   RO           20    i.SystemClock_Config  main.o
    0x08003618   0x08003618   0x0000001c   Code   RO         3760    i.SystemInit        system_stm32f4xx.o
    0x08003634   0x08003634   0x00000128   Code   RO         3484    i.UART_SetConfig    stm32f4xx_hal_uart.o
    0x0800375c   0x0800375c   0x00000002   Code   RO          237    i.UsageFault_Handler  stm32f4xx_it.o
    0x0800375e   0x0800375e   0x00000002   PAD
    0x08003760   0x08003760   0x00000020   Code   RO         4616    i.__0printf$1       mc_w.l(printf1.o)
    0x08003780   0x08003780   0x00000020   Code   RO         1602    i.__NVIC_SetPriority  stm32f4xx_hal_cortex.o
    0x080037a0   0x080037a0   0x0000000e   Code   RO         4872    i.__scatterload_copy  mc_w.l(handlers.o)
    0x080037ae   0x080037ae   0x00000002   Code   RO         4873    i.__scatterload_null  mc_w.l(handlers.o)
    0x080037b0   0x080037b0   0x0000000e   Code   RO         4874    i.__scatterload_zeroinit  mc_w.l(handlers.o)
    0x080037be   0x080037be   0x00000002   PAD
    0x080037c0   0x080037c0   0x00000154   Code   RO         4623    i._printf_core      mc_w.l(printf1.o)
    0x08003914   0x08003914   0x00000104   Code   RO         4485    i.fputc             lcd_log.o
    0x08003a18   0x08003a18   0x00000006   Code   RO         4409    i.ili9341_DisplayOff  ili9341.o
    0x08003a1e   0x08003a1e   0x00000006   Code   RO         4410    i.ili9341_DisplayOn  ili9341.o
    0x08003a24   0x08003a24   0x00000006   Code   RO         4411    i.ili9341_GetLcdPixelHeight  ili9341.o
    0x08003a2a   0x08003a2a   0x00000004   Code   RO         4412    i.ili9341_GetLcdPixelWidth  ili9341.o
    0x08003a2e   0x08003a2e   0x00000292   Code   RO         4413    i.ili9341_Init      ili9341.o
    0x08003cc0   0x08003cc0   0x00000012   Code   RO         4415    i.ili9341_ReadID    ili9341.o
    0x08003cd2   0x08003cd2   0x00000002   PAD
    0x08003cd4   0x08003cd4   0x000000a0   Code   RO          542    i.initAll           init_all.o
    0x08003d74   0x08003d74   0x00000094   Code   RO           21    i.main              main.o
    0x08003e08   0x08003e08   0x00000008   Data   RO         1301    .constdata          stm32f4xx_hal_dma.o
    0x08003e10   0x08003e10   0x00000010   Data   RO         3761    .constdata          system_stm32f4xx.o
    0x08003e20   0x08003e20   0x00000008   Data   RO         3762    .constdata          system_stm32f4xx.o
    0x08003e28   0x08003e28   0x00001ab8   Data   RO         4038    .constdata          stm32f429i_discovery_lcd.o
    0x080058e0   0x080058e0   0x00000474   Data   RO         4041    .constdata          stm32f429i_discovery_lcd.o
    0x08005d54   0x08005d54   0x00000020   Data   RO         4870    Region$$Table       anon$$obj.o


    Execution Region RW_IRAM2 (Exec base: 0x10000000, Load base: 0x08005e14, Size: 0x00000000, Max: 0x00010000, ABSOLUTE)

    **** No section assigned to this execution region ****


    Execution Region RW_IRAM1 (Exec base: 0x20000000, Load base: 0x08005d74, Size: 0x00004788, Max: 0x00030000, ABSOLUTE)

    Exec Addr    Load Addr    Size         Type   Attr      Idx    E Section Name        Object

    0x20000000   0x08005d74   0x00000001   Data   RW           23    .data               main.o
    0x20000001   0x08005d75   0x00000003   PAD
    0x20000004   0x08005d78   0x00000008   Data   RW          453    .data               stm32f4xx_hal_msp.o
    0x2000000c   0x08005d80   0x0000000c   Data   RW         1748    .data               stm32f4xx_hal.o
    0x20000018   0x08005d8c   0x00000004   Data   RW         3763    .data               system_stm32f4xx.o
    0x2000001c   0x08005d90   0x00000018   Data   RW         3828    .data               stm32f429i_discovery.o
    0x20000034   0x08005da8   0x00000010   Data   RW         4043    .data               stm32f429i_discovery_lcd.o
    0x20000044   0x08005db8   0x00000008   Data   RW         4046    .data               stm32f429i_discovery_lcd.o
    0x2000004c   0x08005dc0   0x00000001   Data   RW         4342    .data               stm32f429i_discovery_sdram.o
    0x2000004d   0x08005dc1   0x00000003   PAD
    0x20000050   0x08005dc4   0x00000038   Data   RW         4418    .data               ili9341.o
    0x20000088   0x08005dfc   0x00000014   Data   RW         4487    .data               lcd_log.o
    0x2000009c   0x08005e10   0x00000004   Data   RW         4846    .data               mc_w.l(stdout.o)
    0x200000a0        -       0x00000208   Zero   RW           22    .bss                main.o
    0x200002a8        -       0x000000ac   Zero   RW         3826    .bss                stm32f429i_discovery.o
    0x20000354        -       0x00000130   Zero   RW         4037    .bss                stm32f429i_discovery_lcd.o
    0x20000484        -       0x00000120   Zero   RW         4341    .bss                stm32f429i_discovery_sdram.o
    0x200005a4        -       0x00003de0   Zero   RW         4486    .bss                lcd_log.o
    0x20004384   0x08005e14   0x00000004   PAD
    0x20004388        -       0x00000400   Zero   RW            1    STACK               startup_stm32f429xx.o


==============================================================================

Image component sizes


      Code (inc. data)   RO Data    RW Data    ZI Data      Debug   Object Name

       698          0          0         56          0       7907   ili9341.o
       160         98          0          0          0        490   init_all.o
       670         42          0         20      15840       6981   lcd_log.o
      1004         96          0          1        520     761104   main.o
        36          8        428          0       1024        840   startup_stm32f429xx.o
       604         84          0         24        172       7191   stm32f429i_discovery.o
      1500        176       7980         24        304      19506   stm32f429i_discovery_lcd.o
       612         54          0          1        288       3607   stm32f429i_discovery_sdram.o
       180         28          0         12          0       9581   stm32f4xx_hal.o
       198         14          0          0          0      33959   stm32f4xx_hal_cortex.o
       434         12          8          0          0       3648   stm32f4xx_hal_dma.o
       728          6          0          0          0       5099   stm32f4xx_hal_dma2d.o
       874        102          0          0          0       3390   stm32f4xx_hal_gpio.o
       392         16          0          0          0       3111   stm32f4xx_hal_i2c.o
       128          0          0          0          0       1867   stm32f4xx_hal_i2c_ex.o
       796         12          0          0          0       4479   stm32f4xx_hal_ltdc.o
      1084        138          0          8          0       6652   stm32f4xx_hal_msp.o
       112         14          0          0          0       1292   stm32f4xx_hal_pwr_ex.o
      1328         72          0          0          0       5244   stm32f4xx_hal_rcc.o
       596         36          0          0          0       1616   stm32f4xx_hal_rcc_ex.o
       148          0          0          0          0       2732   stm32f4xx_hal_sdram.o
      1674          8          0          0          0       9590   stm32f4xx_hal_spi.o
       394         10          0          0          0       2060   stm32f4xx_hal_uart.o
        20          0          0          0          0     761062   stm32f4xx_it.o
       292          4          0          0          0       3516   stm32f4xx_ll_fmc.o
        28          6         24          4          0       1167   system_stm32f4xx.o

    ----------------------------------------------------------------------
     14716       1036       8472        156      18152    1667691   Object Totals
         0          0         32          0          0          0   (incl. Generated)
        26          0          0          6          4          0   (incl. Padding)

    ----------------------------------------------------------------------

      Code (inc. data)   RO Data    RW Data    ZI Data      Debug   Library Member Name

         0          0          0          0          0          0   entry.o
         0          0          0          0          0          0   entry10a.o
         0          0          0          0          0          0   entry11a.o
         8          4          0          0          0          0   entry2.o
         4          0          0          0          0          0   entry5.o
         0          0          0          0          0          0   entry7b.o
         0          0          0          0          0          0   entry8b.o
         8          4          0          0          0          0   entry9a.o
        30          0          0          0          0          0   handlers.o
        36          8          0          0          0         68   init.o
        30          0          0          0          0         68   llshl.o
        32          0          0          0          0         68   llushr.o
        36          0          0          0          0         68   memcpya.o
        36          0          0          0          0        108   memseta.o
       372         14          0          0          0        184   printf1.o
         0          0          0          4          0          0   stdout.o
        44          0          0          0          0         80   uidiv.o
        98          0          0          0          0         92   uldiv.o

    ----------------------------------------------------------------------
       736         30          0          4          0        736   Library Totals
         2          0          0          0          0          0   (incl. Padding)

    ----------------------------------------------------------------------

      Code (inc. data)   RO Data    RW Data    ZI Data      Debug   Library Name

       734         30          0          4          0        736   mc_w.l

    ----------------------------------------------------------------------
       736         30          0          4          0        736   Library Totals

    ----------------------------------------------------------------------

==============================================================================


      Code (inc. data)   RO Data    RW Data    ZI Data      Debug   

     15452       1066       8472        160      18152    1656619   Grand Totals
     15452       1066       8472        160      18152    1656619   ELF Image Totals
     15452       1066       8472        160          0          0   ROM Totals

==============================================================================

    Total RO  Size (Code + RO Data)                23924 (  23.36kB)
    Total RW  Size (RW Data + ZI Data)             18312 (  17.88kB)
    Total ROM Size (Code + RO Data + RW Data)      24084 (  23.52kB)

==============================================================================

